Archive member included because of file (symbol)

cpu/mips/libmips.a(jz4740_cpm_test.o)
                              (__u_boot_cmd_cpm)
cpu/mips/libmips.a(jz4740.o)  cpu/mips/libmips.a(jz4740_cpm_test.o) (pll_add_test)
lib_mips/libmips.a(board.o)   cpu/mips/start.o (board_init_r)
net/libnet.a(net.o)           lib_mips/libmips.a(board.o) (copy_filename)
net/libnet.a(tftp.o)          net/libnet.a(net.o) (TftpStart)
net/libnet.a(bootp.o)         net/libnet.a(net.o) (BootpRequest)
net/libnet.a(rarp.o)          net/libnet.a(net.o) (RarpRequest)
net/libnet.a(eth.o)           lib_mips/libmips.a(board.o) (eth_initialize)
net/libnet.a(nfs.o)           net/libnet.a(net.o) (NfsStart)
drivers/libdrivers.a(dm9000x.o)
                              net/libnet.a(net.o) (eth_halt)
drivers/nand/libnand.a(nand.o)
                              lib_mips/libmips.a(board.o) (nand_init)
drivers/nand/libnand.a(nand_base.o)
                              drivers/nand/libnand.a(nand.o) (nand_scan)
drivers/nand/libnand.a(nand_ids.o)
                              drivers/nand/libnand.a(nand_base.o) (nand_flash_ids)
drivers/nand/libnand.a(nand_ecc.o)
                              drivers/nand/libnand.a(nand_base.o) (nand_calculate_ecc)
drivers/nand/libnand.a(nand_bbt.o)
                              drivers/nand/libnand.a(nand_base.o) (nand_isbad_bbt)
common/libcommon.a(main.o)    lib_mips/libmips.a(board.o) (main_loop)
common/libcommon.a(cmd_autoscript.o)
                              (__u_boot_cmd_autoscr)
common/libcommon.a(cmd_bdinfo.o)
                              (__u_boot_cmd_bdinfo)
common/libcommon.a(cmd_boot.o)
                              (__u_boot_cmd_go)
common/libcommon.a(cmd_bootm.o)
                              common/libcommon.a(cmd_autoscript.o) (header)
common/libcommon.a(cmd_console.o)
                              (__u_boot_cmd_coninfo)
common/libcommon.a(cmd_flash.o)
                              (__u_boot_cmd_flinfo)
common/libcommon.a(cmd_itest.o)
                              (__u_boot_cmd_itest)
common/libcommon.a(cmd_load.o)
                              (__u_boot_cmd_loads)
common/libcommon.a(cmd_mem.o)
                              common/libcommon.a(cmd_itest.o) (cmd_get_data_size)
common/libcommon.a(cmd_misc.o)
                              (__u_boot_cmd_sleep)
common/libcommon.a(cmd_nand.o)
                              (__u_boot_cmd_nand)
common/libcommon.a(cmd_net.o)
                              (__u_boot_cmd_bootp)
common/libcommon.a(cmd_nvedit.o)
                              lib_mips/libmips.a(board.o) (getenv_r)
common/libcommon.a(command.o)
                              common/libcommon.a(main.o) (find_cmd)
common/libcommon.a(console.o)
                              cpu/mips/libmips.a(jz4740_cpm_test.o) (printf)
common/libcommon.a(devices.o)
                              common/libcommon.a(cmd_console.o) (devlist)
common/libcommon.a(dlmalloc.o)
                              lib_mips/libmips.a(board.o) (malloc_bin_reloc)
common/libcommon.a(env_common.o)
                              common/libcommon.a(cmd_nvedit.o) (env_get_addr)
common/libcommon.a(env_nand.o)
                              common/libcommon.a(env_common.o) (env_get_char_spec)
common/libcommon.a(exports.o)
                              lib_mips/libmips.a(board.o) (jumptable_init)
common/libcommon.a(flash.o)   common/libcommon.a(cmd_load.o) (addr2info)
common/libcommon.a(lists.o)   common/libcommon.a(cmd_console.o) (ListGetPtrToItem)
common/libcommon.a(s_record.o)
                              common/libcommon.a(cmd_load.o) (srec_decode)
common/libcommon.a(xyzModem.o)
                              common/libcommon.a(cmd_load.o) (xyzModem_error)
common/libcommon.a(environment.o)
                              common/libcommon.a(env_nand.o) (environment)
common/libcommon.a(crc16.o)   common/libcommon.a(xyzModem.o) (cyg_crc16)
lib_generic/libgeneric.a(crc32.o)
                              common/libcommon.a(cmd_autoscript.o) (crc32)
lib_generic/libgeneric.a(display_options.o)
                              lib_mips/libmips.a(board.o) (print_size)
lib_generic/libgeneric.a(string.o)
                              net/libnet.a(nfs.o) (strcat)
lib_generic/libgeneric.a(vsprintf.o)
                              lib_mips/libmips.a(board.o) (simple_strtoul)
lib_generic/libgeneric.a(zlib.o)
                              common/libcommon.a(cmd_bootm.o) (inflateEnd)
lib_generic/libgeneric.a(ctype.o)
                              lib_generic/libgeneric.a(vsprintf.o) (_ctype)
board/pavo/libpavo.a(pavo.o)  cpu/mips/libmips.a(jz4740.o) (board_early_init)
board/pavo/libpavo.a(flash.o)
                              lib_mips/libmips.a(board.o) (flash_init)
cpu/mips/libmips.a(jz_serial.o)
                              lib_mips/libmips.a(board.o) (serial_init)
cpu/mips/libmips.a(cpu.o)     common/libcommon.a(cmd_boot.o) (do_reset)
cpu/mips/libmips.a(interrupts.o)
                              common/libcommon.a(cmd_bootm.o) (enable_interrupts)
cpu/mips/libmips.a(jz4740_nand.o)
                              drivers/nand/libnand.a(nand.o) (board_nand_select_device)
lib_mips/libmips.a(mips_linux.o)
                              common/libcommon.a(cmd_bootm.o) (do_bootm_linux)
drivers/nand/libnand.a(nand_util.o)
                              common/libcommon.a(cmd_nand.o) (nand_lock)
/home/tools/mips/mipseltools-gcc412-glibc261/bin/../lib/gcc/mipsel-linux/4.1.2/libgcc.a(_udivdi3.o)
                              drivers/nand/libnand.a(nand_util.o) (__udivdi3)
/home/tools/mips/mipseltools-gcc412-glibc261/bin/../lib/gcc/mipsel-linux/4.1.2/libgcc.a(_clz.o)
                              /home/tools/mips/mipseltools-gcc412-glibc261/bin/../lib/gcc/mipsel-linux/4.1.2/libgcc.a(_udivdi3.o) (__clz_tab)

分配公共符号
公共符号            大小              文件

dp_last_size        0x4               common/libcommon.a(cmd_mem.o)
console_buffer      0x100             common/libcommon.a(main.o)
NetArpWaitTry       0x4               net/libnet.a(net.o)
NetArpWaitPacketMAC
                    0x4               net/libnet.a(net.o)
flash_info          0x28c             board/pavo/libpavo.a(flash.o)
NetOurEther         0x6               net/libnet.a(net.o)
NetOurIP            0x4               net/libnet.a(net.o)
NetPingIP           0x4               net/libnet.a(net.o)
NetServerIP         0x4               net/libnet.a(net.o)
monitor_flash_len   0x4               lib_mips/libmips.a(board.o)
cpm_value           0x4               cpu/mips/libmips.a(jz4740_cpm_test.o)
___strtok           0x4               lib_generic/libgeneric.a(string.o)
NetArpWaitTxPacketSize
                    0x4               net/libnet.a(net.o)
NetArpWaitReplyIP   0x4               net/libnet.a(net.o)
dmfe_info           0xa0              drivers/libdrivers.a(dm9000x.o)
NetRxPackets        0x10              net/libnet.a(net.o)
NetArpWaitTxPacket  0x4               net/libnet.a(net.o)
NetArpWaitPacketIP  0x4               net/libnet.a(net.o)
NetState            0x4               net/libnet.a(net.o)
BootpTry            0x4               net/libnet.a(bootp.o)
nand_info           0x1e8             drivers/nand/libnand.a(nand.o)
BootFile            0x80              net/libnet.a(net.o)
dp_last_addr        0x4               common/libcommon.a(cmd_mem.o)
his_pad_char        0x1               common/libcommon.a(cmd_load.o)
os_data_count       0x4               common/libcommon.a(cmd_load.o)
RarpTry             0x4               net/libnet.a(rarp.o)
mm_last_size        0x4               common/libcommon.a(cmd_mem.o)
os_data_init        0x4               common/libcommon.a(cmd_load.o)
mm_last_addr        0x4               common/libcommon.a(cmd_mem.o)
NetIPID             0x4               net/libnet.a(net.o)
send_ptr            0x4               common/libcommon.a(cmd_load.o)
BootpID             0x4               net/libnet.a(bootp.o)
NetRxPkt            0x4               net/libnet.a(net.o)
os_data_header      0x20              common/libcommon.a(cmd_load.o)
os_data_char        0x4               common/libcommon.a(cmd_load.o)
NetArpWaitPacketBuf
                    0x620             net/libnet.a(net.o)
his_eol             0x1               common/libcommon.a(cmd_load.o)
header              0x40              common/libcommon.a(cmd_bootm.o)
NetRxPktLen         0x4               net/libnet.a(net.o)
his_quote           0x1               common/libcommon.a(cmd_load.o)
NetBootFileXferSize
                    0x4               net/libnet.a(net.o)
PktBuf              0x1e20            net/libnet.a(net.o)
send_parms          0x14              common/libcommon.a(cmd_load.o)
his_pad_count       0x4               common/libcommon.a(cmd_load.o)
NetArpWaitTimerStart
                    0x4               net/libnet.a(net.o)

Discarded input sections

 .reginfo       0x0000000000000000        0x0 cpu/mips/libmips.a(jz4740_cpm_test.o)
 .reginfo       0x0000000000000000        0x0 cpu/mips/libmips.a(jz4740.o)
 .reginfo       0x0000000000000000        0x0 lib_mips/libmips.a(board.o)
 .reginfo       0x0000000000000000        0x0 net/libnet.a(net.o)
 .reginfo       0x0000000000000000        0x0 net/libnet.a(tftp.o)
 .reginfo       0x0000000000000000        0x0 net/libnet.a(bootp.o)
 .reginfo       0x0000000000000000        0x0 net/libnet.a(rarp.o)
 .reginfo       0x0000000000000000        0x0 net/libnet.a(eth.o)
 .reginfo       0x0000000000000000        0x0 net/libnet.a(nfs.o)
 .reginfo       0x0000000000000000        0x0 drivers/libdrivers.a(dm9000x.o)
 .reginfo       0x0000000000000000        0x0 drivers/nand/libnand.a(nand.o)
 .reginfo       0x0000000000000000        0x0 drivers/nand/libnand.a(nand_base.o)
 .reginfo       0x0000000000000000        0x0 drivers/nand/libnand.a(nand_ids.o)
 .reginfo       0x0000000000000000        0x0 drivers/nand/libnand.a(nand_ecc.o)
 .reginfo       0x0000000000000000        0x0 drivers/nand/libnand.a(nand_bbt.o)
 .reginfo       0x0000000000000000        0x0 common/libcommon.a(main.o)
 .reginfo       0x0000000000000000        0x0 common/libcommon.a(cmd_autoscript.o)
 .reginfo       0x0000000000000000        0x0 common/libcommon.a(cmd_bdinfo.o)
 .reginfo       0x0000000000000000        0x0 common/libcommon.a(cmd_boot.o)
 .reginfo       0x0000000000000000        0x0 common/libcommon.a(cmd_bootm.o)
 .reginfo       0x0000000000000000        0x0 common/libcommon.a(cmd_console.o)
 .reginfo       0x0000000000000000        0x0 common/libcommon.a(cmd_flash.o)
 .reginfo       0x0000000000000000        0x0 common/libcommon.a(cmd_itest.o)
 .reginfo       0x0000000000000000        0x0 common/libcommon.a(cmd_load.o)
 .reginfo       0x0000000000000000        0x0 common/libcommon.a(cmd_mem.o)
 .reginfo       0x0000000000000000        0x0 common/libcommon.a(cmd_misc.o)
 .reginfo       0x0000000000000000        0x0 common/libcommon.a(cmd_nand.o)
 .reginfo       0x0000000000000000        0x0 common/libcommon.a(cmd_net.o)
 .reginfo       0x0000000000000000        0x0 common/libcommon.a(cmd_nvedit.o)
 .reginfo       0x0000000000000000        0x0 common/libcommon.a(command.o)
 .reginfo       0x0000000000000000        0x0 common/libcommon.a(console.o)
 .reginfo       0x0000000000000000        0x0 common/libcommon.a(devices.o)
 .reginfo       0x0000000000000000        0x0 common/libcommon.a(dlmalloc.o)
 .reginfo       0x0000000000000000        0x0 common/libcommon.a(env_common.o)
 .reginfo       0x0000000000000000        0x0 common/libcommon.a(env_nand.o)
 .reginfo       0x0000000000000000        0x0 common/libcommon.a(exports.o)
 .reginfo       0x0000000000000000        0x0 common/libcommon.a(flash.o)
 .reginfo       0x0000000000000000        0x0 common/libcommon.a(lists.o)
 .reginfo       0x0000000000000000        0x0 common/libcommon.a(s_record.o)
 .reginfo       0x0000000000000000        0x0 common/libcommon.a(xyzModem.o)
 .reginfo       0x0000000000000000        0x0 common/libcommon.a(environment.o)
 .reginfo       0x0000000000000000        0x0 common/libcommon.a(crc16.o)
 .reginfo       0x0000000000000000        0x0 lib_generic/libgeneric.a(crc32.o)
 .reginfo       0x0000000000000000        0x0 lib_generic/libgeneric.a(display_options.o)
 .reginfo       0x0000000000000000        0x0 lib_generic/libgeneric.a(string.o)
 .reginfo       0x0000000000000000        0x0 lib_generic/libgeneric.a(vsprintf.o)
 .reginfo       0x0000000000000000        0x0 lib_generic/libgeneric.a(zlib.o)
 .reginfo       0x0000000000000000        0x0 lib_generic/libgeneric.a(ctype.o)
 .reginfo       0x0000000000000000        0x0 board/pavo/libpavo.a(pavo.o)
 .reginfo       0x0000000000000000        0x0 board/pavo/libpavo.a(flash.o)
 .reginfo       0x0000000000000000        0x0 cpu/mips/libmips.a(jz_serial.o)
 .reginfo       0x0000000000000000        0x0 cpu/mips/libmips.a(cpu.o)
 .reginfo       0x0000000000000000        0x0 cpu/mips/libmips.a(interrupts.o)
 .reginfo       0x0000000000000000        0x0 cpu/mips/libmips.a(jz4740_nand.o)
 .reginfo       0x0000000000000000        0x0 lib_mips/libmips.a(mips_linux.o)
 .reginfo       0x0000000000000000        0x0 drivers/nand/libnand.a(nand_util.o)
 .reginfo       0x0000000000000000        0x0 /home/tools/mips/mipseltools-gcc412-glibc261/bin/../lib/gcc/mipsel-linux/4.1.2/libgcc.a(_udivdi3.o)
 .reginfo       0x0000000000000000        0x0 /home/tools/mips/mipseltools-gcc412-glibc261/bin/../lib/gcc/mipsel-linux/4.1.2/libgcc.a(_clz.o)

内存配置

名称           来源             长度             属性
*default*        0x0000000000000000 0xffffffffffffffff

Linker script and memory map

                0x0000000000000000                . = 0x0
                0x0000000000000000                . = ALIGN (0x4)

.text           0x0000000080100000    0x23210
 *(.text)
 .text          0x0000000080100000      0x140 cpu/mips/start.o
                0x000000008010002c                relocate_code
                0x0000000080100000                _start
 .text          0x0000000080100140      0x2d0 cpu/mips/libmips.a(jz4740_cpm_test.o)
                0x00000000801003e0                mdelay
                0x000000008010018c                myhatoi
                0x00000000801002a0                do_jz_cpmtest_function
                0x0000000080100140                myatoi
                0x0000000080100264                cpm_add_test
                0x0000000080100214                atoi
 .text          0x0000000080100410      0xd70 cpu/mips/libmips.a(jz4740.o)
                0x00000000801004d4                pll_add_test
                0x0000000080100a10                set_timer
                0x0000000080100a58                reset_timer
                0x0000000080100d74                get_tbclk
                0x0000000080100724                sdram_init
                0x00000000801005ec                sdram_add_test
                0x0000000080100adc                get_timer
                0x0000000080100a28                reset_timer_masked
                0x0000000080100998                timer_init
                0x0000000080100fd4                calc_clocks_add_test
                0x0000000080100a70                get_timer_masked
                0x0000000080100b1c                udelay
                0x0000000080100d7c                jz_board_init
                0x0000000080100c48                udelay_masked
                0x0000000080100d3c                get_ticks
                0x0000000080100948                initdram
                0x0000000080100410                pll_init
 .text          0x0000000080101180      0x660 lib_mips/libmips.a(board.o)
                0x00000000801011d0                hang
                0x00000000801013b4                board_init_r
                0x0000000080101180                sbrk
                0x00000000801016a0                board_init_f
 .text          0x00000000801017e0     0x1cb0 net/libnet.a(net.o)
                0x0000000080101aa0                getenv_IPaddr
                0x0000000080101860                NetCksumOk
                0x0000000080102200                NetSetTimeout
                0x00000000801018a0                copy_filename
                0x0000000080102d44                NetEthHdrSize
                0x0000000080101adc                ip_to_string
                0x00000000801025a4                ArpTimeoutCheck
                0x0000000080102df8                NetReceive
                0x00000000801019cc                string_to_ip
                0x0000000080102274                NetSendUDPPacket
                0x0000000080101b60                print_IPaddr
                0x0000000080101d2c                NetSetEther
                0x0000000080102678                NetLoop
                0x0000000080101e88                ArpRequest
                0x0000000080102ccc                VLAN_to_string
                0x0000000080101988                getenv_VLAN
                0x000000008010181c                NetCksum
                0x0000000080101bb0                NetSetIP
                0x0000000080101910                string_to_VLAN
                0x00000000801024b4                NetStartAgain
                0x0000000080101804                NetSetHandler
                0x0000000080102014                PingSend
                0x0000000080101e70                NetSendPacket
 .text          0x0000000080103490      0x8f0 net/libnet.a(tftp.o)
                0x00000000801036a4                TftpStart
 .text          0x0000000080103d80      0xdc0 net/libnet.a(bootp.o)
                0x000000008010449c                DhcpRequest
                0x00000000801041c4                BootpRequest
 .text          0x0000000080104b40      0x270 net/libnet.a(rarp.o)
                0x0000000080104b40                RarpRequest
 .text          0x0000000080104db0       0x10 net/libnet.a(eth.o)
                0x0000000080104db0                eth_initialize
 .text          0x0000000080104dc0     0x14e0 net/libnet.a(nfs.o)
                0x0000000080105f64                NfsStart
 .text          0x00000000801062a0      0xc50 drivers/libdrivers.a(dm9000x.o)
                0x00000000801063b4                eth_halt
                0x000000008010652c                eth_rx
                0x0000000080106884                eth_init
                0x0000000080106748                eth_send
 .text          0x0000000080106ef0       0xf0 drivers/nand/libnand.a(nand.o)
                0x0000000080106ef0                nand_init
 .text          0x0000000080106fe0     0x3e20 drivers/nand/libnand.a(nand_base.o)
                0x0000000080108598                nand_read_raw
                0x000000008010a110                nand_scan
                0x00000000801082b4                nand_erase_nand
                0x000000008010779c                nand_release
 .text          0x000000008010ae00        0x0 drivers/nand/libnand.a(nand_ids.o)
 .text          0x000000008010ae00      0x320 drivers/nand/libnand.a(nand_ecc.o)
                0x000000008010af40                nand_correct_data
                0x000000008010ae00                nand_calculate_ecc
 .text          0x000000008010b120     0x1f20 drivers/nand/libnand.a(nand_bbt.o)
                0x000000008010b210                nand_isbad_bbt
                0x000000008010cf20                nand_default_bbt
                0x000000008010bf0c                nand_update_bbt
                0x000000008010c8d8                nand_scan_bbt
 .text          0x000000008010d040      0xde0 common/libcommon.a(main.o)
                0x000000008010d040                run_command
                0x000000008010d608                do_run
                0x000000008010d8bc                readline
                0x000000008010dbf0                main_loop
 .text          0x000000008010de20      0x3b0 common/libcommon.a(cmd_autoscript.o)
                0x000000008010e150                do_autoscript
                0x000000008010de20                autoscript
 .text          0x000000008010e1d0      0x1e0 common/libcommon.a(cmd_bdinfo.o)
                0x000000008010e1f8                do_bdinfo
 .text          0x000000008010e3b0      0x100 common/libcommon.a(cmd_boot.o)
                0x000000008010e3b0                do_go
 .text          0x000000008010e4b0     0x1560 common/libcommon.a(cmd_bootm.o)
                0x000000008010e700                print_image_hdr
                0x000000008010eebc                do_bootd
                0x000000008010e4b0                gunzip
                0x000000008010f140                do_bootm
                0x000000008010ede4                do_iminfo
 .text          0x000000008010fa10      0x180 common/libcommon.a(cmd_console.o)
                0x000000008010fa10                do_coninfo
 .text          0x000000008010fb90      0xf60 common/libcommon.a(cmd_flash.o)
                0x000000008011033c                do_flinfo
                0x0000000080110254                flash_sect_erase
                0x0000000080110688                do_protect
                0x00000000801103fc                do_flerase
                0x000000008010fd8c                flash_sect_protect
 .text          0x0000000080110af0      0x490 common/libcommon.a(cmd_itest.o)
                0x0000000080110bd0                binary_test
                0x0000000080110e60                do_itest
 .text          0x0000000080110f80     0x15b0 common/libcommon.a(cmd_load.o)
                0x0000000080111078                k_data_init
                0x0000000080111248                s1_sendpacket
                0x00000000801112a4                handle_send_packet
                0x00000000801110e8                k_data_restore
                0x0000000080111594                send_nack
                0x00000000801116f8                do_load_serial_bin
                0x0000000080111138                k_data_char
                0x0000000080110fbc                chk1
                0x0000000080111098                k_data_save
                0x0000000080110f80                ktrans
                0x00000000801111e0                send_pad
                0x0000000080111620                send_ack
                0x0000000080111fb0                do_load_serial
 .text          0x0000000080112530     0x1300 common/libcommon.a(cmd_mem.o)
                0x0000000080112530                do_mem_base
                0x0000000080113368                do_mem_mw
                0x00000000801125c4                do_mem_crc
                0x0000000080112ca4                do_mem_nm
                0x0000000080112cec                do_mem_mm
                0x0000000080112ee4                do_mem_cp
                0x000000008011271c                do_mem_mtest
                0x0000000080113100                do_mem_cmp
                0x0000000080112938                cmd_get_data_size
                0x0000000080112d34                do_mem_loop
                0x00000000801134e4                do_mem_md
 .text          0x0000000080113830      0x130 common/libcommon.a(cmd_misc.o)
                0x0000000080113830                do_sleep
 .text          0x0000000080113960     0x1e50 common/libcommon.a(cmd_nand.o)
                0x0000000080113960                do_nandboot
                0x0000000080113f74                do_nand
 .text          0x00000000801157b0      0x5f0 common/libcommon.a(cmd_net.o)
                0x0000000080115d3c                do_rarpb
                0x00000000801157b0                do_ping
                0x0000000080115d5c                do_tftpb
                0x0000000080115d1c                do_dhcp
                0x0000000080115d7c                do_bootp
                0x0000000080115cfc                do_nfs
 .text          0x0000000080115da0     0x10b0 common/libcommon.a(cmd_nvedit.o)
                0x0000000080116010                getenv
                0x00000000801160ec                _do_setenv
                0x000000008011680c                do_askenv
                0x0000000080115ea0                getenv_r
                0x0000000080116b34                do_printenv
                0x0000000080116ae0                setenv
                0x0000000080115fbc                do_saveenv
                0x0000000080116a6c                do_setenv
 .text          0x0000000080116e50      0x570 common/libcommon.a(command.o)
                0x0000000080116f68                do_echo
                0x0000000080116e50                find_cmd
                0x00000000801170a4                do_help
                0x000000008011737c                do_version
 .text          0x00000000801173c0      0x8e0 common/libcommon.a(console.o)
                0x000000008011789c                console_init_r
                0x0000000080117830                printf
                0x00000000801175f8                console_assign
                0x0000000080117bd4                getc
                0x000000008011779c                puts
                0x00000000801175d8                dbg
                0x0000000080117ae8                serial_printf
                0x00000000801174d0                ftstc
                0x0000000080117728                fprintf
                0x0000000080117b98                tstc
                0x00000000801177d8                vprintf
                0x0000000080117c10                ctrlc
                0x0000000080117b54                putc
                0x000000008011758c                disable_ctrlc
                0x0000000080117498                fgetc
                0x00000000801175a8                had_ctrlc
                0x0000000080117508                fputc
                0x00000000801175e8                console_init_f
                0x00000000801175c0                clear_ctrlc
                0x000000008011754c                fputs
 .text          0x0000000080117ca0      0x1a0 common/libcommon.a(devices.o)
                0x0000000080117cdc                device_register
                0x0000000080117ca0                devices_done
                0x0000000080117d20                devices_init
 .text          0x0000000080117e40     0x1670 common/libcommon.a(dlmalloc.o)
                0x0000000080118360                malloc
                0x0000000080118cec                pvalloc
                0x0000000080118d2c                calloc
                0x0000000080117e84                malloc_usable_size
                0x0000000080118e58                realloc
                0x0000000080117f6c                malloc_trim
                0x0000000080117e40                malloc_bin_reloc
                0x0000000080117edc                mallopt
                0x0000000080118b38                memalign
                0x0000000080118348                cfree
                0x0000000080118d10                valloc
                0x0000000080118094                free
 .text          0x00000000801194b0      0x200 common/libcommon.a(env_common.o)
                0x00000000801194e4                env_get_addr
                0x00000000801195b8                env_relocate
                0x0000000080119568                env_crc_update
                0x00000000801194b0                env_get_char_memory
 .text          0x00000000801196b0      0x2e0 common/libcommon.a(env_nand.o)
                0x00000000801198cc                env_relocate_spec
                0x00000000801196e8                saveenv
                0x00000000801196b0                env_get_char_spec
                0x00000000801196c0                env_init
 .text          0x0000000080119990       0xe0 common/libcommon.a(exports.o)
                0x00000000801199a0                jumptable_init
                0x0000000080119998                get_version
 .text          0x0000000080119a70      0x430 common/libcommon.a(flash.o)
                0x0000000080119cc4                flash_write
                0x0000000080119a70                flash_protect
                0x0000000080119b54                addr2info
                0x0000000080119bb0                flash_perror
 .text          0x0000000080119ea0      0x650 common/libcommon.a(lists.o)
                0x000000008011a340                DisposeHandle
                0x000000008011a39c                ListDispose
                0x000000008011a07c                ListInsertItems
                0x0000000080119ea8                ListSetAllocationPolicy
                0x0000000080119f10                ListGetItemSize
                0x0000000080119f04                ListGetDataPtr
                0x000000008011a3b4                NewHandle
                0x0000000080119f9c                SetHandleSize
                0x000000008011a328                ListInsertItem
                0x0000000080119ea0                GetHandleSize
                0x0000000080119f1c                ListNumItems
                0x0000000080119eb8                ListGetPtrToItem
                0x000000008011a474                ListCreate
                0x0000000080119f28                ListGetItems
 .text          0x000000008011a4f0      0x3e0 common/libcommon.a(s_record.o)
                0x000000008011a5d4                srec_decode
 .text          0x000000008011a8d0      0xef0 common/libcommon.a(xyzModem.o)
                0x000000008011aa48                xyzModem_error
                0x000000008011aaec                xyzModem_stream_close
                0x000000008011ab80                CYGACC_COMM_IF_GETC_TIMEOUT
                0x000000008011a8d0                parse_num
                0x000000008011ac80                xyzModem_stream_terminate
                0x000000008011b550                xyzModem_stream_open
                0x000000008011ab64                CYGACC_COMM_IF_PUTC
                0x000000008011b18c                xyzModem_stream_read
 .text          0x000000008011b7c0       0x10 common/libcommon.a(environment.o)
                0x000000008011b7c0                env_size
 .text          0x000000008011b7d0       0x70 common/libcommon.a(crc16.o)
                0x000000008011b7d0                cyg_crc16
 .text          0x000000008011b840      0x2f0 lib_generic/libgeneric.a(crc32.o)
                0x000000008011b840                crc32
                0x000000008011b9b8                crc32_no_comp
 .text          0x000000008011bb30      0x140 lib_generic/libgeneric.a(display_options.o)
                0x000000008011bc24                display_options
                0x000000008011bb30                print_size
 .text          0x000000008011bc70      0x6d0 lib_generic/libgeneric.a(string.o)
                0x000000008011c0f4                memmove
                0x000000008011c0c8                memcpy
                0x000000008011c048                strswab
                0x000000008011bdf0                strnlen
                0x000000008011bd70                strrchr
                0x000000008011bc70                strcat
                0x000000008011c27c                memchr
                0x000000008011c1b4                strstr
                0x000000008011befc                strtok
                0x000000008011c154                memcmp
                0x000000008011bcac                strncat
                0x000000008011c2ac                strdup
                0x000000008011c098                memset
                0x000000008011bfe0                strsep
                0x000000008011be34                strspn
                0x000000008011bd40                strlen
                0x000000008011bd00                strchr
                0x000000008011be9c                strpbrk
 .text          0x000000008011c340      0xa00 lib_generic/libgeneric.a(vsprintf.o)
                0x000000008011c7f8                vsprintf
                0x000000008011c44c                simple_strtol
                0x000000008011c770                panic
                0x000000008011ccfc                sprintf
                0x000000008011c340                simple_strtoul
 .text          0x000000008011cd40     0x3420 lib_generic/libgeneric.a(zlib.o)
                0x000000008011dfec                inflate
                0x000000008011d914                inflateInit2
                0x000000008011de54                inflateIncomp
                0x000000008011dacc                adler32
                0x000000008011d754                inflateReset
                0x000000008011d7d4                inflateSync
                0x000000008011dab4                inflateInit
                0x000000008011d688                inflateEnd
 .text          0x0000000080120160        0x0 lib_generic/libgeneric.a(ctype.o)
 .text          0x0000000080120160      0x1d0 board/pavo/libpavo.a(pavo.o)
                0x0000000080120160                board_early_init
                0x00000000801202dc                checkboard
 .text          0x0000000080120330       0xa0 board/pavo/libpavo.a(flash.o)
                0x0000000080120390                flash_erase
                0x0000000080120330                flash_init
                0x0000000080120374                flash_print_info
                0x0000000080120338                write_buff
 .text          0x00000000801203d0      0x590 cpu/mips/libmips.a(jz_serial.o)
                0x00000000801203d8                serial_setbrg
                0x0000000080120904                serial_tstc
                0x000000008012083c                serial_putc
                0x00000000801203d0                serial_init
                0x00000000801208b0                serial_puts
                0x0000000080120918                serial_getc
 .text          0x0000000080120960      0x1e0 cpu/mips/libmips.a(cpu.o)
                0x0000000080120b04                flush_cache_all
                0x00000000801209c4                flush_cache
                0x0000000080120aa4                flush_icache_all
                0x0000000080120960                do_reset
                0x0000000080120ae0                flush_dcache_all
                0x0000000080120a6c                write_one_tlb
 .text          0x0000000080120b40       0x10 cpu/mips/libmips.a(interrupts.o)
                0x0000000080120b48                disable_interrupts
                0x0000000080120b40                enable_interrupts
 .text          0x0000000080120b50      0x4a0 cpu/mips/libmips.a(jz4740_nand.o)
                0x0000000080120c1c                board_nand_select_device
                0x0000000080120d34                board_nand_init
 .text          0x0000000080120ff0      0x800 lib_mips/libmips.a(mips_linux.o)
                0x0000000080121114                do_bootm_linux
 .text          0x00000000801217f0     0x13d0 drivers/nand/libnand.a(nand_util.o)
                0x00000000801217f8                nand_lock
                0x0000000080121898                nand_unlock
                0x0000000080121a2c                nand_get_lock_status
                0x0000000080122704                nand_erase_opts
                0x0000000080121b08                nand_read_opts
                0x0000000080122000                nand_write_opts
 .text          0x0000000080122bc0      0x650 /home/tools/mips/mipseltools-gcc412-glibc261/bin/../lib/gcc/mipsel-linux/4.1.2/libgcc.a(_udivdi3.o)
                0x0000000080122bc0                __udivdi3
 .text          0x0000000080123210        0x0 /home/tools/mips/mipseltools-gcc412-glibc261/bin/../lib/gcc/mipsel-linux/4.1.2/libgcc.a(_clz.o)
                0x0000000080123210                . = ALIGN (0x4)

.rodata         0x0000000080123210     0x1360
 *(.rodata)
 .rodata        0x0000000080123210      0x1c0 cpu/mips/libmips.a(jz4740.o)
 .rodata        0x00000000801233d0       0x30 lib_mips/libmips.a(board.o)
                0x00000000801233d0                version_string
 .rodata        0x0000000080123400       0x30 net/libnet.a(net.o)
 .rodata        0x0000000080123430       0x20 net/libnet.a(tftp.o)
 .rodata        0x0000000080123450      0x110 net/libnet.a(bootp.o)
 .rodata        0x0000000080123560       0x40 net/libnet.a(nfs.o)
 .rodata        0x00000000801235a0       0x10 drivers/nand/libnand.a(nand.o)
 .rodata        0x00000000801235b0       0xc0 drivers/nand/libnand.a(nand_base.o)
 .rodata        0x0000000080123670      0x100 drivers/nand/libnand.a(nand_ecc.o)
 .rodata        0x0000000080123770       0xc0 common/libcommon.a(cmd_bootm.o)
 .rodata        0x0000000080123830       0x30 common/libcommon.a(cmd_itest.o)
 .rodata        0x0000000080123860      0x2d0 common/libcommon.a(cmd_nand.o)
 .rodata        0x0000000080123b30       0x20 common/libcommon.a(cmd_nvedit.o)
 .rodata        0x0000000080123b50       0x30 common/libcommon.a(s_record.o)
 .rodata        0x0000000080123b80       0x20 common/libcommon.a(xyzModem.o)
 .rodata        0x0000000080123ba0      0x200 common/libcommon.a(crc16.o)
 .rodata        0x0000000080123da0      0x400 lib_generic/libgeneric.a(crc32.o)
 .rodata        0x00000000801241a0      0x1a0 lib_generic/libgeneric.a(vsprintf.o)
 .rodata        0x0000000080124340      0x110 lib_generic/libgeneric.a(zlib.o)
 .rodata        0x0000000080124450       0x20 cpu/mips/libmips.a(jz4740_nand.o)
 .rodata        0x0000000080124470      0x100 /home/tools/mips/mipseltools-gcc412-glibc261/bin/../lib/gcc/mipsel-linux/4.1.2/libgcc.a(_clz.o)
                0x0000000080124470                __clz_tab

.reginfo        0x0000000080124570       0x18
 .reginfo       0x0000000080124570       0x18 cpu/mips/start.o

.rodata.str1.4  0x0000000080124588     0x5288
 .rodata.str1.4
                0x0000000080124588       0x69 cpu/mips/libmips.a(jz4740_cpm_test.o)
                                         0x6c (size before relaxing)
 *fill*         0x00000000801245f1        0x3 00
 .rodata.str1.4
                0x00000000801245f4       0xe4 lib_mips/libmips.a(board.o)
                                         0xe8 (size before relaxing)
 .rodata.str1.4
                0x00000000801246d8      0x1f0 net/libnet.a(net.o)
 .rodata.str1.4
                0x00000000801248c8      0x1c5 net/libnet.a(tftp.o)
                                        0x1d4 (size before relaxing)
 *fill*         0x0000000080124a8d        0x3 00
 .rodata.str1.4
                0x0000000080124a90      0x115 net/libnet.a(bootp.o)
                                        0x14c (size before relaxing)
 *fill*         0x0000000080124ba5        0x3 00
 .rodata.str1.4
                0x0000000080124ba8       0x13 net/libnet.a(rarp.o)
                                         0x4c (size before relaxing)
 *fill*         0x0000000080124bbb        0x1 00
 .rodata.str1.4
                0x0000000080124bbc      0x101 net/libnet.a(nfs.o)
                                        0x18c (size before relaxing)
 *fill*         0x0000000080124cbd        0x3 00
 .rodata.str1.4
                0x0000000080124cc0      0x104 drivers/libdrivers.a(dm9000x.o)
                                        0x10c (size before relaxing)
 .rodata.str1.4
                0x0000000080124dc4        0x9 drivers/nand/libnand.a(nand.o)
                                          0xc (size before relaxing)
 *fill*         0x0000000080124dcd        0x3 00
 .rodata.str1.4
                0x0000000080124dd0      0x2a2 drivers/nand/libnand.a(nand_base.o)
                                        0x2a4 (size before relaxing)
 *fill*         0x0000000080125072        0x2 00
 .rodata.str1.4
                0x0000000080125074      0x468 drivers/nand/libnand.a(nand_ids.o)
 .rodata.str1.4
                0x00000000801254dc      0x308 drivers/nand/libnand.a(nand_bbt.o)
 .rodata.str1.4
                0x00000000801257e4       0xf9 common/libcommon.a(main.o)
                                         0xfc (size before relaxing)
 *fill*         0x00000000801258dd        0x3 00
 .rodata.str1.4
                0x00000000801258e0       0xf7 common/libcommon.a(cmd_autoscript.o)
                                         0xf8 (size before relaxing)
 *fill*         0x00000000801259d7        0x1 00
 .rodata.str1.4
                0x00000000801259d8       0xc2 common/libcommon.a(cmd_bdinfo.o)
                                         0xc4 (size before relaxing)
 *fill*         0x0000000080125a9a        0x2 00
 .rodata.str1.4
                0x0000000080125a9c      0x10c common/libcommon.a(cmd_boot.o)
                                        0x118 (size before relaxing)
 .rodata.str1.4
                0x0000000080125ba8      0x88f common/libcommon.a(cmd_bootm.o)
                                        0x8c4 (size before relaxing)
 *fill*         0x0000000080126437        0x1 00
 .rodata.str1.4
                0x0000000080126438       0x6d common/libcommon.a(cmd_console.o)
                                         0x74 (size before relaxing)
 *fill*         0x00000000801264a5        0x3 00
 .rodata.str1.4
                0x00000000801264a8      0x76b common/libcommon.a(cmd_flash.o)
                                        0x780 (size before relaxing)
 *fill*         0x0000000080126c13        0x1 00
 .rodata.str1.4
                0x0000000080126c14       0xcf common/libcommon.a(cmd_itest.o)
                                         0xdc (size before relaxing)
 *fill*         0x0000000080126ce3        0x1 00
 .rodata.str1.4
                0x0000000080126ce4      0x393 common/libcommon.a(cmd_load.o)
                                        0x3b4 (size before relaxing)
 *fill*         0x0000000080127077        0x1 00
 .rodata.str1.4
                0x0000000080127078      0x62a common/libcommon.a(cmd_mem.o)
                                        0x648 (size before relaxing)
 *fill*         0x00000000801276a2        0x2 00
 .rodata.str1.4
                0x00000000801276a4       0x70 common/libcommon.a(cmd_misc.o)
                                         0x7c (size before relaxing)
 .rodata.str1.4
                0x0000000080127714      0xac1 common/libcommon.a(cmd_nand.o)
                                        0xaf8 (size before relaxing)
 *fill*         0x00000000801281d5        0x3 00
 .rodata.str1.4
                0x00000000801281d8      0x265 common/libcommon.a(cmd_net.o)
                                        0x2bc (size before relaxing)
 *fill*         0x000000008012843d        0x3 00
 .rodata.str1.4
                0x0000000080128440      0x4d3 common/libcommon.a(cmd_nvedit.o)
                                        0x564 (size before relaxing)
 *fill*         0x0000000080128913        0x1 00
 .rodata.str1.4
                0x0000000080128914      0x280 common/libcommon.a(command.o)
 .rodata.str1.4
                0x0000000080128b94       0x75 common/libcommon.a(console.o)
                                         0x7c (size before relaxing)
 *fill*         0x0000000080128c09        0x3 00
 .rodata.str1.4
                0x0000000080128c0c       0x2f common/libcommon.a(devices.o)
                                         0x48 (size before relaxing)
 *fill*         0x0000000080128c3b        0x1 00
 .rodata.str1.4
                0x0000000080128c3c       0x33 common/libcommon.a(env_common.o)
                                         0x34 (size before relaxing)
 *fill*         0x0000000080128c6f        0x1 00
 .rodata.str1.4
                0x0000000080128c70       0x95 common/libcommon.a(env_nand.o)
                                         0xa0 (size before relaxing)
 *fill*         0x0000000080128d05        0x3 00
 .rodata.str1.4
                0x0000000080128d08      0x120 common/libcommon.a(flash.o)
 .rodata.str1.4
                0x0000000080128e28       0xf1 common/libcommon.a(xyzModem.o)
                                         0xf8 (size before relaxing)
 *fill*         0x0000000080128f19        0x3 00
 .rodata.str1.4
                0x0000000080128f1c       0x17 lib_generic/libgeneric.a(display_options.o)
                                         0x20 (size before relaxing)
 *fill*         0x0000000080128f33        0x1 00
 .rodata.str1.4
                0x0000000080128f34       0x57 lib_generic/libgeneric.a(vsprintf.o)
                                         0x58 (size before relaxing)
 *fill*         0x0000000080128f8b        0x1 00
 .rodata.str1.4
                0x0000000080128f8c      0x20f lib_generic/libgeneric.a(zlib.o)
                                        0x214 (size before relaxing)
 *fill*         0x000000008012919b        0x1 00
 .rodata.str1.4
                0x000000008012919c       0x28 board/pavo/libpavo.a(pavo.o)
 .rodata.str1.4
                0x00000000801291c4       0x5d board/pavo/libpavo.a(flash.o)
                                         0x60 (size before relaxing)
 *fill*         0x0000000080129221        0x3 00
 .rodata.str1.4
                0x0000000080129224       0x1e cpu/mips/libmips.a(jz4740_nand.o)
                                         0x20 (size before relaxing)
 *fill*         0x0000000080129242        0x2 00
 .rodata.str1.4
                0x0000000080129244       0xa7 lib_mips/libmips.a(mips_linux.o)
                                        0x11c (size before relaxing)
 *fill*         0x00000000801292eb        0x1 00
 .rodata.str1.4
                0x00000000801292ec      0x524 drivers/nand/libnand.a(nand_util.o)
                                        0x55c (size before relaxing)

.rodata.cst4    0x0000000080129810        0x8
 .rodata.cst4   0x0000000080129810        0x8 cpu/mips/libmips.a(jz_serial.o)
                0x0000000080129818                . = ALIGN (0x4)

.data           0x0000000080129820      0xf00
 *(.data)
 .data          0x0000000080129820        0x0 cpu/mips/start.o
 .data          0x0000000080129820        0x0 cpu/mips/libmips.a(jz4740_cpm_test.o)
 .data          0x0000000080129820        0x0 cpu/mips/libmips.a(jz4740.o)
 .data          0x0000000080129820        0x0 lib_mips/libmips.a(board.o)
 .data          0x0000000080129820       0x10 net/libnet.a(net.o)
                0x0000000080129820                NetBcastAddr
                0x0000000080129828                NetOurNativeVLAN
                0x0000000080129826                NetOurVLAN
 .data          0x0000000080129830        0x0 net/libnet.a(tftp.o)
 .data          0x0000000080129830        0x0 net/libnet.a(bootp.o)
 .data          0x0000000080129830        0x0 net/libnet.a(rarp.o)
 .data          0x0000000080129830        0x0 net/libnet.a(eth.o)
 .data          0x0000000080129830       0x10 net/libnet.a(nfs.o)
 .data          0x0000000080129840        0x0 drivers/libdrivers.a(dm9000x.o)
 .data          0x0000000080129840       0x10 drivers/nand/libnand.a(nand.o)
                0x0000000080129840                nand_curr_device
 .data          0x0000000080129850      0x5e0 drivers/nand/libnand.a(nand_base.o)
 .data          0x0000000080129e30        0x0 drivers/nand/libnand.a(nand_ids.o)
 .data          0x0000000080129e30        0x0 drivers/nand/libnand.a(nand_ecc.o)
 .data          0x0000000080129e30       0x20 drivers/nand/libnand.a(nand_bbt.o)
 .data          0x0000000080129e50       0x10 common/libcommon.a(main.o)
 .data          0x0000000080129e60        0x0 common/libcommon.a(cmd_autoscript.o)
 .data          0x0000000080129e60        0x0 common/libcommon.a(cmd_bdinfo.o)
 .data          0x0000000080129e60        0x0 common/libcommon.a(cmd_boot.o)
 .data          0x0000000080129e60       0x10 common/libcommon.a(cmd_bootm.o)
                0x0000000080129e60                load_addr
 .data          0x0000000080129e70        0x0 common/libcommon.a(cmd_console.o)
 .data          0x0000000080129e70        0x0 common/libcommon.a(cmd_flash.o)
 .data          0x0000000080129e70        0x0 common/libcommon.a(cmd_itest.o)
 .data          0x0000000080129e70       0x10 common/libcommon.a(cmd_load.o)
 .data          0x0000000080129e80       0x10 common/libcommon.a(cmd_mem.o)
                0x0000000080129e80                dp_last_length
 .data          0x0000000080129e90        0x0 common/libcommon.a(cmd_misc.o)
 .data          0x0000000080129e90        0x0 common/libcommon.a(cmd_nand.o)
 .data          0x0000000080129e90        0x0 common/libcommon.a(cmd_net.o)
 .data          0x0000000080129e90        0x0 common/libcommon.a(cmd_nvedit.o)
 .data          0x0000000080129e90        0x0 common/libcommon.a(command.o)
 .data          0x0000000080129e90        0x0 common/libcommon.a(console.o)
 .data          0x0000000080129e90        0x0 common/libcommon.a(devices.o)
 .data          0x0000000080129e90       0x10 common/libcommon.a(dlmalloc.o)
 .data          0x0000000080129ea0      0x150 common/libcommon.a(env_common.o)
                0x0000000080129ea0                default_environment
                0x0000000080129fec                default_environment_size
 .data          0x0000000080129ff0        0x0 common/libcommon.a(env_nand.o)
 .data          0x0000000080129ff0        0x0 common/libcommon.a(exports.o)
 .data          0x0000000080129ff0        0x0 common/libcommon.a(flash.o)
 .data          0x0000000080129ff0        0x0 common/libcommon.a(lists.o)
 .data          0x0000000080129ff0        0x0 common/libcommon.a(s_record.o)
 .data          0x0000000080129ff0        0x0 common/libcommon.a(xyzModem.o)
 .data          0x0000000080129ff0        0x0 common/libcommon.a(environment.o)
 .data          0x0000000080129ff0        0x0 common/libcommon.a(crc16.o)
 .data          0x0000000080129ff0        0x0 lib_generic/libgeneric.a(crc32.o)
 .data          0x0000000080129ff0        0x0 lib_generic/libgeneric.a(display_options.o)
 .data          0x0000000080129ff0        0x0 lib_generic/libgeneric.a(string.o)
 .data          0x0000000080129ff0        0x0 lib_generic/libgeneric.a(vsprintf.o)
 .data          0x0000000080129ff0      0x1f0 lib_generic/libgeneric.a(zlib.o)
 .data          0x000000008012a1e0      0x100 lib_generic/libgeneric.a(ctype.o)
                0x000000008012a1e0                _ctype
 .data          0x000000008012a2e0        0x0 board/pavo/libpavo.a(pavo.o)
 .data          0x000000008012a2e0        0x0 board/pavo/libpavo.a(flash.o)
 .data          0x000000008012a2e0        0x0 cpu/mips/libmips.a(jz_serial.o)
 .data          0x000000008012a2e0        0x0 cpu/mips/libmips.a(cpu.o)
 .data          0x000000008012a2e0        0x0 cpu/mips/libmips.a(interrupts.o)
 .data          0x000000008012a2e0        0x0 cpu/mips/libmips.a(jz4740_nand.o)
 .data          0x000000008012a2e0        0x0 lib_mips/libmips.a(mips_linux.o)
 .data          0x000000008012a2e0      0x440 drivers/nand/libnand.a(nand_util.o)
 .data          0x000000008012a720        0x0 /home/tools/mips/mipseltools-gcc412-glibc261/bin/../lib/gcc/mipsel-linux/4.1.2/libgcc.a(_udivdi3.o)
 .data          0x000000008012a720        0x0 /home/tools/mips/mipseltools-gcc412-glibc261/bin/../lib/gcc/mipsel-linux/4.1.2/libgcc.a(_clz.o)

.data.rel       0x000000008012a720       0x2c
 .data.rel      0x000000008012a720       0x28 lib_mips/libmips.a(board.o)
                0x000000008012a720                init_sequence
 .data.rel      0x000000008012a748        0x4 common/libcommon.a(env_nand.o)
                0x000000008012a748                env_ptr

.data.rel.ro.local
                0x000000008012a74c        0x4
 .data.rel.ro.local
                0x000000008012a74c        0x4 lib_mips/libmips.a(board.o)

.data.rel.local
                0x000000008012a750      0xb04
 .data.rel.local
                0x000000008012a750      0x560 drivers/nand/libnand.a(nand_ids.o)
                0x000000008012ac60                nand_manuf_ids
                0x000000008012a750                nand_flash_ids
 .data.rel.local
                0x000000008012acb0       0xfc drivers/nand/libnand.a(nand_bbt.o)
 .data.rel.local
                0x000000008012adac       0x68 common/libcommon.a(cmd_itest.o)
                0x000000008012adac                op_table
 .data.rel.local
                0x000000008012ae14        0xc common/libcommon.a(devices.o)
                0x000000008012ae14                stdio_names
 .data.rel.local
                0x000000008012ae20      0x408 common/libcommon.a(dlmalloc.o)
 .data.rel.local
                0x000000008012b228        0x4 common/libcommon.a(env_common.o)
                0x000000008012b228                env_get_char
 .data.rel.local
                0x000000008012b22c        0x4 common/libcommon.a(env_nand.o)
                0x000000008012b22c                env_name_spec
 .data.rel.local
                0x000000008012b230       0x24 lib_generic/libgeneric.a(zlib.o)
                0x000000008012b230                zlib_version
                0x000000008012b234                z_errmsg

.data.rel.ro    0x000000008012b254       0x14
 .data.rel.ro   0x000000008012b254        0x4 drivers/nand/libnand.a(nand_bbt.o)
 .data.rel.ro   0x000000008012b258        0x4 common/libcommon.a(main.o)
 .data.rel.ro   0x000000008012b25c        0x8 common/libcommon.a(xyzModem.o)
 .data.rel.ro   0x000000008012b264        0x4 lib_generic/libgeneric.a(zlib.o)

.ppcenv         0x000000008012b268    0x10000
 .ppcenv        0x000000008012b268    0x10000 common/libcommon.a(environment.o)
                0x000000008012b268                environment

.eh_frame       0x000000008013b268       0x20
 .eh_frame      0x000000008013b268       0x20 /home/tools/mips/mipseltools-gcc412-glibc261/bin/../lib/gcc/mipsel-linux/4.1.2/libgcc.a(_udivdi3.o)
                0x000000008013b288                . = ALIGN (0x4)

.sdata
 *(.sdata)
 *(.sdata)
                0x000000008013b290                _gp = ALIGN (0x10)
                0x000000008013b288                __got_start = .

.got            0x000000008013b290      0x530
 *(.got)
 .got           0x000000008013b290      0x530 cpu/mips/start.o
                0x000000008013b290                _GLOBAL_OFFSET_TABLE_
                0x000000008013b7c0                __got_end = .
                0x000000008013b7c0                __u_boot_cmd_start = .

.u_boot_cmd     0x000000008013b7c0      0x450
 *(.u_boot_cmd)
 .u_boot_cmd    0x000000008013b7c0       0x18 cpu/mips/libmips.a(jz4740_cpm_test.o)
                0x000000008013b7c0                __u_boot_cmd_cpm
 .u_boot_cmd    0x000000008013b7d8       0x18 common/libcommon.a(cmd_autoscript.o)
                0x000000008013b7d8                __u_boot_cmd_autoscr
 .u_boot_cmd    0x000000008013b7f0       0x18 common/libcommon.a(cmd_bdinfo.o)
                0x000000008013b7f0                __u_boot_cmd_bdinfo
 .u_boot_cmd    0x000000008013b808       0x30 common/libcommon.a(cmd_boot.o)
                0x000000008013b820                __u_boot_cmd_reset
                0x000000008013b808                __u_boot_cmd_go
 .u_boot_cmd    0x000000008013b838       0x78 common/libcommon.a(cmd_bootm.o)
                0x000000008013b838                __u_boot_cmd_bootm
                0x000000008013b880                __u_boot_cmd_iminfo
                0x000000008013b868                __u_boot_cmd_bootd
                0x000000008013b850                __u_boot_cmd_boot
                0x000000008013b898                __u_boot_cmd_imls
 .u_boot_cmd    0x000000008013b8b0       0x18 common/libcommon.a(cmd_console.o)
                0x000000008013b8b0                __u_boot_cmd_coninfo
 .u_boot_cmd    0x000000008013b8c8       0x48 common/libcommon.a(cmd_flash.o)
                0x000000008013b8c8                __u_boot_cmd_flinfo
                0x000000008013b8e0                __u_boot_cmd_erase
                0x000000008013b8f8                __u_boot_cmd_protect
 .u_boot_cmd    0x000000008013b910       0x18 common/libcommon.a(cmd_itest.o)
                0x000000008013b910                __u_boot_cmd_itest
 .u_boot_cmd    0x000000008013b928       0x48 common/libcommon.a(cmd_load.o)
                0x000000008013b958                __u_boot_cmd_loady
                0x000000008013b940                __u_boot_cmd_loadb
                0x000000008013b928                __u_boot_cmd_loads
 .u_boot_cmd    0x000000008013b970       0xf0 common/libcommon.a(cmd_mem.o)
                0x000000008013b970                __u_boot_cmd_md
                0x000000008013b9e8                __u_boot_cmd_cmp
                0x000000008013b9b8                __u_boot_cmd_mw
                0x000000008013ba30                __u_boot_cmd_loop
                0x000000008013ba18                __u_boot_cmd_base
                0x000000008013b988                __u_boot_cmd_mm
                0x000000008013ba00                __u_boot_cmd_crc32
                0x000000008013b9a0                __u_boot_cmd_nm
                0x000000008013ba48                __u_boot_cmd_mtest
                0x000000008013b9d0                __u_boot_cmd_cp
 .u_boot_cmd    0x000000008013ba60       0x18 common/libcommon.a(cmd_misc.o)
                0x000000008013ba60                __u_boot_cmd_sleep
 .u_boot_cmd    0x000000008013ba78       0x30 common/libcommon.a(cmd_nand.o)
                0x000000008013ba78                __u_boot_cmd_nand
                0x000000008013ba90                __u_boot_cmd_nboot
 .u_boot_cmd    0x000000008013baa8       0x90 common/libcommon.a(cmd_net.o)
                0x000000008013bb08                __u_boot_cmd_nfs
                0x000000008013bb20                __u_boot_cmd_ping
                0x000000008013bad8                __u_boot_cmd_rarpboot
                0x000000008013bac0                __u_boot_cmd_tftpboot
                0x000000008013baa8                __u_boot_cmd_bootp
                0x000000008013baf0                __u_boot_cmd_dhcp
 .u_boot_cmd    0x000000008013bb38       0x78 common/libcommon.a(cmd_nvedit.o)
                0x000000008013bb98                __u_boot_cmd_run
                0x000000008013bb68                __u_boot_cmd_saveenv
                0x000000008013bb80                __u_boot_cmd_askenv
                0x000000008013bb38                __u_boot_cmd_printenv
                0x000000008013bb50                __u_boot_cmd_setenv
 .u_boot_cmd    0x000000008013bbb0       0x60 common/libcommon.a(command.o)
                0x000000008013bbc8                __u_boot_cmd_echo
                0x000000008013bbf8                __u_boot_cmd_question_mark
                0x000000008013bbb0                __u_boot_cmd_version
                0x000000008013bbe0                __u_boot_cmd_help
                0x000000008013bc10                __u_boot_cmd_end = .
                0x000000008013bc10                uboot_end_data = .
                0x000000000000014e                num_got_entries = ((__got_end - __got_start) >> 0x2)
                0x000000008013bc10                . = ALIGN (0x4)

.sbss
 *(.sbss)

.bss            0x000000008013bc10     0x5688
 *(.bss)
 .bss           0x000000008013bc10        0x0 cpu/mips/start.o
 .bss           0x000000008013bc10        0x0 cpu/mips/libmips.a(jz4740_cpm_test.o)
 .bss           0x000000008013bc10       0x10 cpu/mips/libmips.a(jz4740.o)
 .bss           0x000000008013bc20       0x10 lib_mips/libmips.a(board.o)
 .bss           0x000000008013bc30       0xc0 net/libnet.a(net.o)
                0x000000008013bc3c                NetOurNISDomain
                0x000000008013bcc0                NetServerEther
                0x000000008013bc30                NetOurSubnetMask
                0x000000008013bcbc                NetBootFileSize
                0x000000008013bc5c                NetOurHostName
                0x000000008013bc34                NetOurGatewayIP
                0x000000008013bcc8                NetEtherNullAddr
                0x000000008013bcd0                NetTxPacket
                0x000000008013bc38                NetOurDNSIP
                0x000000008013bc7c                NetOurRootPath
 .bss           0x000000008013bcf0       0x40 net/libnet.a(tftp.o)
 .bss           0x000000008013bd30       0x10 net/libnet.a(bootp.o)
                0x000000008013bd38                NetDHCPServerIP
                0x000000008013bd30                dhcp_state
                0x000000008013bd34                dhcp_leasetime
 .bss           0x000000008013bd40        0x0 net/libnet.a(rarp.o)
 .bss           0x000000008013bd40        0x0 net/libnet.a(eth.o)
 .bss           0x000000008013bd40      0x8b0 net/libnet.a(nfs.o)
 .bss           0x000000008013c5f0       0x10 drivers/libdrivers.a(dm9000x.o)
 .bss           0x000000008013c600       0xc0 drivers/nand/libnand.a(nand.o)
 .bss           0x000000008013c6c0        0x0 drivers/nand/libnand.a(nand_base.o)
 .bss           0x000000008013c6c0        0x0 drivers/nand/libnand.a(nand_ids.o)
 .bss           0x000000008013c6c0        0x0 drivers/nand/libnand.a(nand_ecc.o)
 .bss           0x000000008013c6c0        0x0 drivers/nand/libnand.a(nand_bbt.o)
 .bss           0x000000008013c6c0      0x100 common/libcommon.a(main.o)
 .bss           0x000000008013c7c0        0x0 common/libcommon.a(cmd_autoscript.o)
 .bss           0x000000008013c7c0        0x0 common/libcommon.a(cmd_bdinfo.o)
 .bss           0x000000008013c7c0        0x0 common/libcommon.a(cmd_boot.o)
 .bss           0x000000008013c7c0        0x0 common/libcommon.a(cmd_bootm.o)
 .bss           0x000000008013c7c0        0x0 common/libcommon.a(cmd_console.o)
 .bss           0x000000008013c7c0        0x0 common/libcommon.a(cmd_flash.o)
 .bss           0x000000008013c7c0        0x0 common/libcommon.a(cmd_itest.o)
 .bss           0x000000008013c7c0       0x40 common/libcommon.a(cmd_load.o)
 .bss           0x000000008013c800       0x10 common/libcommon.a(cmd_mem.o)
 .bss           0x000000008013c810        0x0 common/libcommon.a(cmd_misc.o)
 .bss           0x000000008013c810        0x0 common/libcommon.a(cmd_nand.o)
 .bss           0x000000008013c810        0x0 common/libcommon.a(cmd_net.o)
 .bss           0x000000008013c810        0x0 common/libcommon.a(cmd_nvedit.o)
 .bss           0x000000008013c810        0x0 common/libcommon.a(command.o)
 .bss           0x000000008013c810       0x10 common/libcommon.a(console.o)
 .bss           0x000000008013c820       0x10 common/libcommon.a(devices.o)
                0x000000008013c820                devlist
                0x000000008013c824                stdio_devices
 .bss           0x000000008013c830       0x40 common/libcommon.a(dlmalloc.o)
 .bss           0x000000008013c870        0x0 common/libcommon.a(env_common.o)
 .bss           0x000000008013c870        0x0 common/libcommon.a(env_nand.o)
 .bss           0x000000008013c870        0x0 common/libcommon.a(exports.o)
 .bss           0x000000008013c870        0x0 common/libcommon.a(flash.o)
 .bss           0x000000008013c870        0x0 common/libcommon.a(lists.o)
 .bss           0x000000008013c870        0x0 common/libcommon.a(s_record.o)
 .bss           0x000000008013c870      0x440 common/libcommon.a(xyzModem.o)
 .bss           0x000000008013ccb0        0x0 common/libcommon.a(environment.o)
 .bss           0x000000008013ccb0        0x0 common/libcommon.a(crc16.o)
 .bss           0x000000008013ccb0        0x0 lib_generic/libgeneric.a(crc32.o)
 .bss           0x000000008013ccb0        0x0 lib_generic/libgeneric.a(display_options.o)
 .bss           0x000000008013ccb0        0x0 lib_generic/libgeneric.a(string.o)
 .bss           0x000000008013ccb0        0x0 lib_generic/libgeneric.a(vsprintf.o)
 .bss           0x000000008013ccb0     0x10b0 lib_generic/libgeneric.a(zlib.o)
 .bss           0x000000008013dd60        0x0 lib_generic/libgeneric.a(ctype.o)
 .bss           0x000000008013dd60        0x0 board/pavo/libpavo.a(pavo.o)
 .bss           0x000000008013dd60        0x0 board/pavo/libpavo.a(flash.o)
 .bss           0x000000008013dd60       0x10 cpu/mips/libmips.a(jz_serial.o)
 .bss           0x000000008013dd70        0x0 cpu/mips/libmips.a(cpu.o)
 .bss           0x000000008013dd70        0x0 cpu/mips/libmips.a(interrupts.o)
 .bss           0x000000008013dd70        0x0 cpu/mips/libmips.a(jz4740_nand.o)
 .bss           0x000000008013dd70       0x20 lib_mips/libmips.a(mips_linux.o)
 .bss           0x000000008013dd90      0x9b0 drivers/nand/libnand.a(nand_util.o)
 .bss           0x000000008013e740        0x0 /home/tools/mips/mipseltools-gcc412-glibc261/bin/../lib/gcc/mipsel-linux/4.1.2/libgcc.a(_udivdi3.o)
 .bss           0x000000008013e740        0x0 /home/tools/mips/mipseltools-gcc412-glibc261/bin/../lib/gcc/mipsel-linux/4.1.2/libgcc.a(_clz.o)
 COMMON         0x000000008013e740     0x24d0 net/libnet.a(net.o)
                0x000000008013e740                NetRxPackets
                0x000000008013e750                BootFile
                0x000000008013e7d0                NetArpWaitPacketBuf
                0x000000008013edf0                PktBuf
 COMMON         0x0000000080140c10       0xa0 drivers/libdrivers.a(dm9000x.o)
                0x0000000080140c10                dmfe_info
 COMMON         0x0000000080140cb0      0x1e8 drivers/nand/libnand.a(nand.o)
                0x0000000080140cb0                nand_info
 COMMON         0x0000000080140e98      0x100 common/libcommon.a(main.o)
                0x0000000080140e98                console_buffer
 COMMON         0x0000000080140f98       0x40 common/libcommon.a(cmd_bootm.o)
                0x0000000080140f98                header
 COMMON         0x0000000080140fd8       0x34 common/libcommon.a(cmd_load.o)
                0x0000000080140fd8                os_data_header
                0x0000000080140ff8                send_parms
 COMMON         0x000000008014100c      0x28c board/pavo/libpavo.a(flash.o)
                0x000000008014100c                flash_info
                0x0000000080141298                uboot_end = .

.scommon        0x0000000080141298       0x88
 .scommon       0x0000000080141298        0x4 cpu/mips/libmips.a(jz4740_cpm_test.o)
                0x0000000080141298                cpm_value
 .scommon       0x000000008014129c        0x4 lib_mips/libmips.a(board.o)
                0x000000008014129c                monitor_flash_len
 .scommon       0x00000000801412a0       0x44 net/libnet.a(net.o)
                0x00000000801412a0                NetArpWaitTry
                0x00000000801412a4                NetArpWaitPacketMAC
                0x00000000801412a8                NetOurEther
                0x00000000801412b0                NetOurIP
                0x00000000801412b4                NetPingIP
                0x00000000801412b8                NetServerIP
                0x00000000801412bc                NetArpWaitTxPacketSize
                0x00000000801412c0                NetArpWaitReplyIP
                0x00000000801412c4                NetArpWaitTxPacket
                0x00000000801412c8                NetArpWaitPacketIP
                0x00000000801412cc                NetState
                0x00000000801412d0                NetIPID
                0x00000000801412d4                NetRxPkt
                0x00000000801412d8                NetRxPktLen
                0x00000000801412dc                NetBootFileXferSize
                0x00000000801412e0                NetArpWaitTimerStart
 .scommon       0x00000000801412e4        0x8 net/libnet.a(bootp.o)
                0x00000000801412e4                BootpTry
                0x00000000801412e8                BootpID
 .scommon       0x00000000801412ec        0x4 net/libnet.a(rarp.o)
                0x00000000801412ec                RarpTry
 .scommon       0x00000000801412f0       0x1c common/libcommon.a(cmd_load.o)
                0x00000000801412f0                his_pad_char
                0x00000000801412f4                os_data_count
                0x00000000801412f8                os_data_init
                0x00000000801412fc                send_ptr
                0x0000000080141300                os_data_char
                0x0000000080141304                his_eol
                0x0000000080141305                his_quote
                0x0000000080141308                his_pad_count
 .scommon       0x000000008014130c       0x10 common/libcommon.a(cmd_mem.o)
                0x000000008014130c                dp_last_size
                0x0000000080141310                dp_last_addr
                0x0000000080141314                mm_last_size
                0x0000000080141318                mm_last_addr
 .scommon       0x000000008014131c        0x4 lib_generic/libgeneric.a(string.o)
                0x000000008014131c                ___strtok

.rel.dyn        0x0000000080141320        0x0
 .rel.dyn       0x0000000000000000        0x0 cpu/mips/start.o
段 .text 的地址设置为 0x80100000
LOAD cpu/mips/start.o
START GROUP
LOAD lib_generic/libgeneric.a
LOAD board/pavo/libpavo.a
LOAD cpu/mips/libmips.a
LOAD lib_mips/libmips.a
LOAD fs/cramfs/libcramfs.a
LOAD fs/fat/libfat.a
LOAD fs/fdos/libfdos.a
LOAD fs/jffs2/libjffs2.a
LOAD fs/reiserfs/libreiserfs.a
LOAD fs/ext2/libext2fs.a
LOAD net/libnet.a
LOAD disk/libdisk.a
LOAD rtc/librtc.a
LOAD dtt/libdtt.a
LOAD drivers/libdrivers.a
LOAD drivers/nand/libnand.a
LOAD drivers/nand_legacy/libnand_legacy.a
LOAD drivers/sk98lin/libsk98lin.a
LOAD post/libpost.a
LOAD post/cpu/libcpu.a
LOAD common/libcommon.a
END GROUP
LOAD /home/tools/mips/mipseltools-gcc412-glibc261/bin/../lib/gcc/mipsel-linux/4.1.2/libgcc.a
OUTPUT(u-boot elf32-tradlittlemips)

.pdr            0x0000000000000000     0x3160
 .pdr           0x0000000000000000       0x20 cpu/mips/start.o
 .pdr           0x0000000000000020       0xc0 cpu/mips/libmips.a(jz4740_cpm_test.o)
 .pdr           0x00000000000000e0      0x220 cpu/mips/libmips.a(jz4740.o)
 .pdr           0x0000000000000300       0xe0 lib_mips/libmips.a(board.o)
 .pdr           0x00000000000003e0      0x360 net/libnet.a(net.o)
 .pdr           0x0000000000000740       0x80 net/libnet.a(tftp.o)
 .pdr           0x00000000000007c0      0x100 net/libnet.a(bootp.o)
 .pdr           0x00000000000008c0       0x60 net/libnet.a(rarp.o)
 .pdr           0x0000000000000920       0x20 net/libnet.a(eth.o)
 .pdr           0x0000000000000940      0x140 net/libnet.a(nfs.o)
 .pdr           0x0000000000000a80      0x140 drivers/libdrivers.a(dm9000x.o)
 .pdr           0x0000000000000bc0       0x20 drivers/nand/libnand.a(nand.o)
 .pdr           0x0000000000000be0      0x4e0 drivers/nand/libnand.a(nand_base.o)
 .pdr           0x00000000000010c0        0x0 drivers/nand/libnand.a(nand_ids.o)
 .pdr           0x00000000000010c0       0x40 drivers/nand/libnand.a(nand_ecc.o)
 .pdr           0x0000000000001100      0x160 drivers/nand/libnand.a(nand_bbt.o)
 .pdr           0x0000000000001260       0xa0 common/libcommon.a(main.o)
 .pdr           0x0000000000001300       0x40 common/libcommon.a(cmd_autoscript.o)
 .pdr           0x0000000000001340       0x40 common/libcommon.a(cmd_bdinfo.o)
 .pdr           0x0000000000001380       0x20 common/libcommon.a(cmd_boot.o)
 .pdr           0x00000000000013a0      0x120 common/libcommon.a(cmd_bootm.o)
 .pdr           0x00000000000014c0       0x20 common/libcommon.a(cmd_console.o)
 .pdr           0x00000000000014e0      0x100 common/libcommon.a(cmd_flash.o)
 .pdr           0x00000000000015e0       0x80 common/libcommon.a(cmd_itest.o)
 .pdr           0x0000000000001660      0x200 common/libcommon.a(cmd_load.o)
 .pdr           0x0000000000001860      0x180 common/libcommon.a(cmd_mem.o)
 .pdr           0x00000000000019e0       0x20 common/libcommon.a(cmd_misc.o)
 .pdr           0x0000000000001a00       0x60 common/libcommon.a(cmd_nand.o)
 .pdr           0x0000000000001a60       0xe0 common/libcommon.a(cmd_net.o)
 .pdr           0x0000000000001b40      0x120 common/libcommon.a(cmd_nvedit.o)
 .pdr           0x0000000000001c60       0x80 common/libcommon.a(command.o)
 .pdr           0x0000000000001ce0      0x2a0 common/libcommon.a(console.o)
 .pdr           0x0000000000001f80       0x60 common/libcommon.a(devices.o)
 .pdr           0x0000000000001fe0      0x180 common/libcommon.a(dlmalloc.o)
 .pdr           0x0000000000002160       0xa0 common/libcommon.a(env_common.o)
 .pdr           0x0000000000002200       0xa0 common/libcommon.a(env_nand.o)
 .pdr           0x00000000000022a0       0x60 common/libcommon.a(exports.o)
 .pdr           0x0000000000002300       0x80 common/libcommon.a(flash.o)
 .pdr           0x0000000000002380      0x1c0 common/libcommon.a(lists.o)
 .pdr           0x0000000000002540       0x60 common/libcommon.a(s_record.o)
 .pdr           0x00000000000025a0      0x140 common/libcommon.a(xyzModem.o)
 .pdr           0x00000000000026e0        0x0 common/libcommon.a(environment.o)
 .pdr           0x00000000000026e0       0x20 common/libcommon.a(crc16.o)
 .pdr           0x0000000000002700       0x40 lib_generic/libgeneric.a(crc32.o)
 .pdr           0x0000000000002740       0x40 lib_generic/libgeneric.a(display_options.o)
 .pdr           0x0000000000002780      0x240 lib_generic/libgeneric.a(string.o)
 .pdr           0x00000000000029c0       0xe0 lib_generic/libgeneric.a(vsprintf.o)
 .pdr           0x0000000000002aa0      0x200 lib_generic/libgeneric.a(zlib.o)
 .pdr           0x0000000000002ca0        0x0 lib_generic/libgeneric.a(ctype.o)
 .pdr           0x0000000000002ca0       0x40 board/pavo/libpavo.a(pavo.o)
 .pdr           0x0000000000002ce0       0x80 board/pavo/libpavo.a(flash.o)
 .pdr           0x0000000000002d60       0xc0 cpu/mips/libmips.a(jz_serial.o)
 .pdr           0x0000000000002e20       0xc0 cpu/mips/libmips.a(cpu.o)
 .pdr           0x0000000000002ee0       0x40 cpu/mips/libmips.a(interrupts.o)
 .pdr           0x0000000000002f20      0x100 cpu/mips/libmips.a(jz4740_nand.o)
 .pdr           0x0000000000003020       0x40 lib_mips/libmips.a(mips_linux.o)
 .pdr           0x0000000000003060       0xe0 drivers/nand/libnand.a(nand_util.o)
 .pdr           0x0000000000003140       0x20 /home/tools/mips/mipseltools-gcc412-glibc261/bin/../lib/gcc/mipsel-linux/4.1.2/libgcc.a(_udivdi3.o)
 .pdr           0x0000000000003160        0x0 /home/tools/mips/mipseltools-gcc412-glibc261/bin/../lib/gcc/mipsel-linux/4.1.2/libgcc.a(_clz.o)

.debug_line     0x0000000000000000       0x86
 .debug_line    0x0000000000000000       0x86 cpu/mips/start.o

.debug_info     0x0000000000000000       0x5d
 .debug_info    0x0000000000000000       0x5d cpu/mips/start.o

.debug_abbrev   0x0000000000000000       0x14
 .debug_abbrev  0x0000000000000000       0x14 cpu/mips/start.o

.debug_aranges  0x0000000000000000       0x20
 .debug_aranges
                0x0000000000000000       0x20 cpu/mips/start.o

.mdebug.abi32   0x0000000000000000        0x0
 .mdebug.abi32  0x0000000000000000        0x0 cpu/mips/libmips.a(jz4740_cpm_test.o)
 .mdebug.abi32  0x0000000000000000        0x0 cpu/mips/libmips.a(jz4740.o)
 .mdebug.abi32  0x0000000000000000        0x0 lib_mips/libmips.a(board.o)
 .mdebug.abi32  0x0000000000000000        0x0 net/libnet.a(net.o)
 .mdebug.abi32  0x0000000000000000        0x0 net/libnet.a(tftp.o)
 .mdebug.abi32  0x0000000000000000        0x0 net/libnet.a(bootp.o)
 .mdebug.abi32  0x0000000000000000        0x0 net/libnet.a(rarp.o)
 .mdebug.abi32  0x0000000000000000        0x0 net/libnet.a(eth.o)
 .mdebug.abi32  0x0000000000000000        0x0 net/libnet.a(nfs.o)
 .mdebug.abi32  0x0000000000000000        0x0 drivers/libdrivers.a(dm9000x.o)
 .mdebug.abi32  0x0000000000000000        0x0 drivers/nand/libnand.a(nand.o)
 .mdebug.abi32  0x0000000000000000        0x0 drivers/nand/libnand.a(nand_base.o)
 .mdebug.abi32  0x0000000000000000        0x0 drivers/nand/libnand.a(nand_ids.o)
 .mdebug.abi32  0x0000000000000000        0x0 drivers/nand/libnand.a(nand_ecc.o)
 .mdebug.abi32  0x0000000000000000        0x0 drivers/nand/libnand.a(nand_bbt.o)
 .mdebug.abi32  0x0000000000000000        0x0 common/libcommon.a(main.o)
 .mdebug.abi32  0x0000000000000000        0x0 common/libcommon.a(cmd_autoscript.o)
 .mdebug.abi32  0x0000000000000000        0x0 common/libcommon.a(cmd_bdinfo.o)
 .mdebug.abi32  0x0000000000000000        0x0 common/libcommon.a(cmd_boot.o)
 .mdebug.abi32  0x0000000000000000        0x0 common/libcommon.a(cmd_bootm.o)
 .mdebug.abi32  0x0000000000000000        0x0 common/libcommon.a(cmd_console.o)
 .mdebug.abi32  0x0000000000000000        0x0 common/libcommon.a(cmd_flash.o)
 .mdebug.abi32  0x0000000000000000        0x0 common/libcommon.a(cmd_itest.o)
 .mdebug.abi32  0x0000000000000000        0x0 common/libcommon.a(cmd_load.o)
 .mdebug.abi32  0x0000000000000000        0x0 common/libcommon.a(cmd_mem.o)
 .mdebug.abi32  0x0000000000000000        0x0 common/libcommon.a(cmd_misc.o)
 .mdebug.abi32  0x0000000000000000        0x0 common/libcommon.a(cmd_nand.o)
 .mdebug.abi32  0x0000000000000000        0x0 common/libcommon.a(cmd_net.o)
 .mdebug.abi32  0x0000000000000000        0x0 common/libcommon.a(cmd_nvedit.o)
 .mdebug.abi32  0x0000000000000000        0x0 common/libcommon.a(command.o)
 .mdebug.abi32  0x0000000000000000        0x0 common/libcommon.a(console.o)
 .mdebug.abi32  0x0000000000000000        0x0 common/libcommon.a(devices.o)
 .mdebug.abi32  0x0000000000000000        0x0 common/libcommon.a(dlmalloc.o)
 .mdebug.abi32  0x0000000000000000        0x0 common/libcommon.a(env_common.o)
 .mdebug.abi32  0x0000000000000000        0x0 common/libcommon.a(env_nand.o)
 .mdebug.abi32  0x0000000000000000        0x0 common/libcommon.a(exports.o)
 .mdebug.abi32  0x0000000000000000        0x0 common/libcommon.a(flash.o)
 .mdebug.abi32  0x0000000000000000        0x0 common/libcommon.a(lists.o)
 .mdebug.abi32  0x0000000000000000        0x0 common/libcommon.a(s_record.o)
 .mdebug.abi32  0x0000000000000000        0x0 common/libcommon.a(xyzModem.o)
 .mdebug.abi32  0x0000000000000000        0x0 common/libcommon.a(environment.o)
 .mdebug.abi32  0x0000000000000000        0x0 common/libcommon.a(crc16.o)
 .mdebug.abi32  0x0000000000000000        0x0 lib_generic/libgeneric.a(crc32.o)
 .mdebug.abi32  0x0000000000000000        0x0 lib_generic/libgeneric.a(display_options.o)
 .mdebug.abi32  0x0000000000000000        0x0 lib_generic/libgeneric.a(string.o)
 .mdebug.abi32  0x0000000000000000        0x0 lib_generic/libgeneric.a(vsprintf.o)
 .mdebug.abi32  0x0000000000000000        0x0 lib_generic/libgeneric.a(zlib.o)
 .mdebug.abi32  0x0000000000000000        0x0 lib_generic/libgeneric.a(ctype.o)
 .mdebug.abi32  0x0000000000000000        0x0 board/pavo/libpavo.a(pavo.o)
 .mdebug.abi32  0x0000000000000000        0x0 board/pavo/libpavo.a(flash.o)
 .mdebug.abi32  0x0000000000000000        0x0 cpu/mips/libmips.a(jz_serial.o)
 .mdebug.abi32  0x0000000000000000        0x0 cpu/mips/libmips.a(cpu.o)
 .mdebug.abi32  0x0000000000000000        0x0 cpu/mips/libmips.a(interrupts.o)
 .mdebug.abi32  0x0000000000000000        0x0 cpu/mips/libmips.a(jz4740_nand.o)
 .mdebug.abi32  0x0000000000000000        0x0 lib_mips/libmips.a(mips_linux.o)
 .mdebug.abi32  0x0000000000000000        0x0 drivers/nand/libnand.a(nand_util.o)
 .mdebug.abi32  0x0000000000000000        0x0 /home/tools/mips/mipseltools-gcc412-glibc261/bin/../lib/gcc/mipsel-linux/4.1.2/libgcc.a(_udivdi3.o)
 .mdebug.abi32  0x0000000000000000        0x0 /home/tools/mips/mipseltools-gcc412-glibc261/bin/../lib/gcc/mipsel-linux/4.1.2/libgcc.a(_clz.o)

.debug_abbrev.1
                0x0000000000000000      0x1ac
 .debug_abbrev  0x0000000000000000      0x1ac cpu/mips/libmips.a(jz4740_cpm_test.o)

.debug_info.2   0x0000000000000000      0x333
 .debug_info    0x0000000000000000      0x333 cpu/mips/libmips.a(jz4740_cpm_test.o)

.debug_line.3   0x0000000000000000      0x183
 .debug_line    0x0000000000000000      0x183 cpu/mips/libmips.a(jz4740_cpm_test.o)

.debug_frame    0x0000000000000000     0x2a18
 .debug_frame   0x0000000000000000       0x80 cpu/mips/libmips.a(jz4740_cpm_test.o)
 .debug_frame   0x0000000000000080      0x160 cpu/mips/libmips.a(jz4740.o)
 .debug_frame   0x00000000000001e0       0xc0 lib_mips/libmips.a(board.o)
 .debug_frame   0x00000000000002a0      0x2ac net/libnet.a(net.o)
 .debug_frame   0x000000000000054c       0x88 net/libnet.a(tftp.o)
 .debug_frame   0x00000000000005d4       0xe4 net/libnet.a(bootp.o)
 .debug_frame   0x00000000000006b8       0x5c net/libnet.a(rarp.o)
[...]

.debug_aranges.95
                0x0000000000000000       0x20
 .debug_aranges
                0x0000000000000000       0x20 common/libcommon.a(cmd_load.o)

.debug_abbrev.96
                0x0000000000000000      0x1f8
 .debug_abbrev  0x0000000000000000      0x1f8 common/libcommon.a(cmd_mem.o)

.debug_info.97  0x0000000000000000      0xb0f
 .debug_info    0x0000000000000000      0xb0f common/libcommon.a(cmd_mem.o)

.debug_line.98  0x0000000000000000      0x376
 .debug_line    0x0000000000000000      0x376 common/libcommon.a(cmd_mem.o)

.debug_aranges.99
                0x0000000000000000       0x20
 .debug_aranges
                0x0000000000000000       0x20 common/libcommon.a(cmd_mem.o)

.debug_abbrev.100
                0x0000000000000000       0xca
 .debug_abbrev  0x0000000000000000       0xca common/libcommon.a(cmd_misc.o)

.debug_info.101
                0x0000000000000000      0x1bc
 .debug_info    0x0000000000000000      0x1bc common/libcommon.a(cmd_misc.o)

.debug_line.102
                0x0000000000000000       0xd5
 .debug_line    0x0000000000000000       0xd5 common/libcommon.a(cmd_misc.o)

.debug_aranges.103
                0x0000000000000000       0x20
 .debug_aranges
                0x0000000000000000       0x20 common/libcommon.a(cmd_misc.o)

.debug_abbrev.104
                0x0000000000000000      0x35a
 .debug_abbrev  0x0000000000000000      0x35a common/libcommon.a(cmd_nand.o)

.debug_info.105
                0x0000000000000000     0x1f6f
 .debug_info    0x0000000000000000     0x1f6f common/libcommon.a(cmd_nand.o)

.debug_line.106
                0x0000000000000000      0x707
 .debug_line    0x0000000000000000      0x707 common/libcommon.a(cmd_nand.o)

.debug_aranges.107
                0x0000000000000000       0x20
 .debug_aranges
                0x0000000000000000       0x20 common/libcommon.a(cmd_nand.o)

.debug_abbrev.108
                0x0000000000000000      0x22d
 .debug_abbrev  0x0000000000000000      0x22d common/libcommon.a(cmd_net.o)

.debug_info.109
                0x0000000000000000      0x659
 .debug_info    0x0000000000000000      0x659 common/libcommon.a(cmd_net.o)

.debug_line.110
                0x0000000000000000      0x1dd
 .debug_line    0x0000000000000000      0x1dd common/libcommon.a(cmd_net.o)

.debug_aranges.111
                0x0000000000000000       0x20
 .debug_aranges
                0x0000000000000000       0x20 common/libcommon.a(cmd_net.o)

.debug_abbrev.112
                0x0000000000000000      0x2b0
 .debug_abbrev  0x0000000000000000      0x2b0 common/libcommon.a(cmd_nvedit.o)

.debug_info.113
                0x0000000000000000      0xbf2
 .debug_info    0x0000000000000000      0xbf2 common/libcommon.a(cmd_nvedit.o)

.debug_line.114
                0x0000000000000000      0x3e9
 .debug_line    0x0000000000000000      0x3e9 common/libcommon.a(cmd_nvedit.o)

.debug_aranges.115
                0x0000000000000000       0x20
 .debug_aranges
                0x0000000000000000       0x20 common/libcommon.a(cmd_nvedit.o)

.debug_abbrev.116
                0x0000000000000000      0x1f6
 .debug_abbrev  0x0000000000000000      0x1f6 common/libcommon.a(command.o)

.debug_info.117
                0x0000000000000000      0x526
 .debug_info    0x0000000000000000      0x526 common/libcommon.a(command.o)

.debug_line.118
                0x0000000000000000      0x1dd
 .debug_line    0x0000000000000000      0x1dd common/libcommon.a(command.o)

.debug_aranges.119
                0x0000000000000000       0x20
 .debug_aranges
                0x0000000000000000       0x20 common/libcommon.a(command.o)

.debug_abbrev.120
                0x0000000000000000      0x316
 .debug_abbrev  0x0000000000000000      0x316 common/libcommon.a(console.o)

.debug_info.121
                0x0000000000000000      0x98e
 .debug_info    0x0000000000000000      0x98e common/libcommon.a(console.o)

.debug_line.122
                0x0000000000000000      0x2e1
 .debug_line    0x0000000000000000      0x2e1 common/libcommon.a(console.o)

.debug_aranges.123
                0x0000000000000000       0x20
 .debug_aranges
                0x0000000000000000       0x20 common/libcommon.a(console.o)

.debug_abbrev.124
                0x0000000000000000      0x1d2
 .debug_abbrev  0x0000000000000000      0x1d2 common/libcommon.a(devices.o)

.debug_info.125
                0x0000000000000000      0x555
 .debug_info    0x0000000000000000      0x555 common/libcommon.a(devices.o)

.debug_line.126
                0x0000000000000000      0x169
 .debug_line    0x0000000000000000      0x169 common/libcommon.a(devices.o)

.debug_aranges.127
                0x0000000000000000       0x20
 .debug_aranges
                0x0000000000000000       0x20 common/libcommon.a(devices.o)

.debug_abbrev.128
                0x0000000000000000      0x23f
 .debug_abbrev  0x0000000000000000      0x23f common/libcommon.a(dlmalloc.o)

.debug_info.129
                0x0000000000000000      0xc73
 .debug_info    0x0000000000000000      0xc73 common/libcommon.a(dlmalloc.o)

.debug_line.130
                0x0000000000000000      0x48b
 .debug_line    0x0000000000000000      0x48b common/libcommon.a(dlmalloc.o)

.debug_aranges.131
                0x0000000000000000       0x20
 .debug_aranges
                0x0000000000000000       0x20 common/libcommon.a(dlmalloc.o)

.debug_abbrev.132
                0x0000000000000000      0x165
 .debug_abbrev  0x0000000000000000      0x165 common/libcommon.a(env_common.o)

.debug_info.133
                0x0000000000000000      0x3ce
 .debug_info    0x0000000000000000      0x3ce common/libcommon.a(env_common.o)

.debug_line.134
                0x0000000000000000      0x126
 .debug_line    0x0000000000000000      0x126 common/libcommon.a(env_common.o)

.debug_aranges.135
                0x0000000000000000       0x20
 .debug_aranges
                0x0000000000000000       0x20 common/libcommon.a(env_common.o)

.debug_abbrev.136
                0x0000000000000000      0x260
 .debug_abbrev  0x0000000000000000      0x260 common/libcommon.a(env_nand.o)

.debug_info.137
                0x0000000000000000      0xa89
 .debug_info    0x0000000000000000      0xa89 common/libcommon.a(env_nand.o)

.debug_line.138
                0x0000000000000000      0x233
 .debug_line    0x0000000000000000      0x233 common/libcommon.a(env_nand.o)

.debug_aranges.139
                0x0000000000000000       0x20
 .debug_aranges
                0x0000000000000000       0x20 common/libcommon.a(env_nand.o)

.debug_abbrev.140
                0x0000000000000000       0xf5
 .debug_abbrev  0x0000000000000000       0xf5 common/libcommon.a(exports.o)

.debug_info.141
                0x0000000000000000      0x294
 .debug_info    0x0000000000000000      0x294 common/libcommon.a(exports.o)

.debug_line.142
                0x0000000000000000       0xa7
 .debug_line    0x0000000000000000       0xa7 common/libcommon.a(exports.o)

.debug_aranges.143
                0x0000000000000000       0x20
 .debug_aranges
                0x0000000000000000       0x20 common/libcommon.a(exports.o)

.debug_abbrev.144
                0x0000000000000000      0x17c
 .debug_abbrev  0x0000000000000000      0x17c common/libcommon.a(flash.o)

.debug_info.145
                0x0000000000000000      0x30d
 .debug_info    0x0000000000000000      0x30d common/libcommon.a(flash.o)

.debug_line.146
                0x0000000000000000      0x153
 .debug_line    0x0000000000000000      0x153 common/libcommon.a(flash.o)

.debug_aranges.147
                0x0000000000000000       0x20
 .debug_aranges
                0x0000000000000000       0x20 common/libcommon.a(flash.o)

.debug_abbrev.148
                0x0000000000000000      0x20f
 .debug_abbrev  0x0000000000000000      0x20f common/libcommon.a(lists.o)

.debug_info.149
                0x0000000000000000      0x554
 .debug_info    0x0000000000000000      0x554 common/libcommon.a(lists.o)

.debug_line.150
                0x0000000000000000      0x152
 .debug_line    0x0000000000000000      0x152 common/libcommon.a(lists.o)

.debug_aranges.151
                0x0000000000000000       0x20
 .debug_aranges
                0x0000000000000000       0x20 common/libcommon.a(lists.o)

.debug_abbrev.152
                0x0000000000000000       0xdb
 .debug_abbrev  0x0000000000000000       0xdb common/libcommon.a(s_record.o)

.debug_info.153
                0x0000000000000000      0x19f
 .debug_info    0x0000000000000000      0x19f common/libcommon.a(s_record.o)

.debug_line.154
                0x0000000000000000      0x114
 .debug_line    0x0000000000000000      0x114 common/libcommon.a(s_record.o)

.debug_aranges.155
                0x0000000000000000       0x20
 .debug_aranges
                0x0000000000000000       0x20 common/libcommon.a(s_record.o)

.debug_abbrev.156
                0x0000000000000000      0x2c0
 .debug_abbrev  0x0000000000000000      0x2c0 common/libcommon.a(xyzModem.o)

.debug_info.157
                0x0000000000000000      0x69b
 .debug_info    0x0000000000000000      0x69b common/libcommon.a(xyzModem.o)

.debug_line.158
                0x0000000000000000      0x308
 .debug_line    0x0000000000000000      0x308 common/libcommon.a(xyzModem.o)

.debug_aranges.159
                0x0000000000000000       0x20
 .debug_aranges
                0x0000000000000000       0x20 common/libcommon.a(xyzModem.o)

.debug_abbrev.160
                0x0000000000000000       0x7c
 .debug_abbrev  0x0000000000000000       0x7c common/libcommon.a(environment.o)

.debug_info.161
                0x0000000000000000       0xa7
 .debug_info    0x0000000000000000       0xa7 common/libcommon.a(environment.o)

.debug_line.162
                0x0000000000000000       0x6d
 .debug_line    0x0000000000000000       0x6d common/libcommon.a(environment.o)

.debug_abbrev.163
                0x0000000000000000       0xb1
 .debug_abbrev  0x0000000000000000       0xb1 common/libcommon.a(crc16.o)

.debug_info.164
                0x0000000000000000      0x110
 .debug_info    0x0000000000000000      0x110 common/libcommon.a(crc16.o)

.debug_line.165
                0x0000000000000000       0xbd
 .debug_line    0x0000000000000000       0xbd common/libcommon.a(crc16.o)

.debug_aranges.166
                0x0000000000000000       0x20
 .debug_aranges
                0x0000000000000000       0x20 common/libcommon.a(crc16.o)

.debug_abbrev.167
                0x0000000000000000       0xa2
 .debug_abbrev  0x0000000000000000       0xa2 lib_generic/libgeneric.a(crc32.o)

.debug_info.168
                0x0000000000000000      0x183
 .debug_info    0x0000000000000000      0x183 lib_generic/libgeneric.a(crc32.o)

.debug_line.169
                0x0000000000000000       0xda
 .debug_line    0x0000000000000000       0xda lib_generic/libgeneric.a(crc32.o)

.debug_aranges.170
                0x0000000000000000       0x20
 .debug_aranges
                0x0000000000000000       0x20 lib_generic/libgeneric.a(crc32.o)

.debug_abbrev.171
                0x0000000000000000       0xcf
 .debug_abbrev  0x0000000000000000       0xcf lib_generic/libgeneric.a(display_options.o)

.debug_info.172
                0x0000000000000000      0x12a
 .debug_info    0x0000000000000000      0x12a lib_generic/libgeneric.a(display_options.o)

.debug_line.173
                0x0000000000000000       0xa4
 .debug_line    0x0000000000000000       0xa4 lib_generic/libgeneric.a(display_options.o)

.debug_aranges.174
                0x0000000000000000       0x20
 .debug_aranges
                0x0000000000000000       0x20 lib_generic/libgeneric.a(display_options.o)

.debug_abbrev.175
                0x0000000000000000      0x227
 .debug_abbrev  0x0000000000000000      0x227 lib_generic/libgeneric.a(string.o)

.debug_info.176
                0x0000000000000000      0x743
 .debug_info    0x0000000000000000      0x743 lib_generic/libgeneric.a(string.o)

.debug_line.177
                0x0000000000000000      0x1c7
 .debug_line    0x0000000000000000      0x1c7 lib_generic/libgeneric.a(string.o)

.debug_aranges.178
                0x0000000000000000       0x20
 .debug_aranges
                0x0000000000000000       0x20 lib_generic/libgeneric.a(string.o)

.debug_abbrev.179
                0x0000000000000000      0x211
 .debug_abbrev  0x0000000000000000      0x211 lib_generic/libgeneric.a(vsprintf.o)

.debug_info.180
                0x0000000000000000      0x45b
 .debug_info    0x0000000000000000      0x45b lib_generic/libgeneric.a(vsprintf.o)

.debug_line.181
                0x0000000000000000      0x274
 .debug_line    0x0000000000000000      0x274 lib_generic/libgeneric.a(vsprintf.o)

.debug_aranges.182
                0x0000000000000000       0x20
 .debug_aranges
                0x0000000000000000       0x20 lib_generic/libgeneric.a(vsprintf.o)

.debug_abbrev.183
                0x0000000000000000      0x301
 .debug_abbrev  0x0000000000000000      0x301 lib_generic/libgeneric.a(zlib.o)

.debug_info.184
                0x0000000000000000     0x17b3
 .debug_info    0x0000000000000000     0x17b3 lib_generic/libgeneric.a(zlib.o)

.debug_line.185
                0x0000000000000000      0x81f
 .debug_line    0x0000000000000000      0x81f lib_generic/libgeneric.a(zlib.o)

.debug_aranges.186
                0x0000000000000000       0x20
 .debug_aranges
                0x0000000000000000       0x20 lib_generic/libgeneric.a(zlib.o)

.debug_abbrev.187
                0x0000000000000000       0x42
 .debug_abbrev  0x0000000000000000       0x42 lib_generic/libgeneric.a(ctype.o)

.debug_info.188
                0x0000000000000000       0x56
 .debug_info    0x0000000000000000       0x56 lib_generic/libgeneric.a(ctype.o)

.debug_line.189
                0x0000000000000000       0x28
 .debug_line    0x0000000000000000       0x28 lib_generic/libgeneric.a(ctype.o)

.debug_abbrev.190
                0x0000000000000000      0x143
 .debug_abbrev  0x0000000000000000      0x143 board/pavo/libpavo.a(pavo.o)

.debug_info.191
                0x0000000000000000      0x396
 .debug_info    0x0000000000000000      0x396 board/pavo/libpavo.a(pavo.o)

.debug_line.192
                0x0000000000000000       0xec
 .debug_line    0x0000000000000000       0xec board/pavo/libpavo.a(pavo.o)

.debug_aranges.193
                0x0000000000000000       0x20
 .debug_aranges
                0x0000000000000000       0x20 board/pavo/libpavo.a(pavo.o)

.debug_abbrev.194
                0x0000000000000000       0xed
 .debug_abbrev  0x0000000000000000       0xed board/pavo/libpavo.a(flash.o)

.debug_info.195
                0x0000000000000000      0x238
 .debug_info    0x0000000000000000      0x238 board/pavo/libpavo.a(flash.o)

.debug_line.196
                0x0000000000000000       0xcd
 .debug_line    0x0000000000000000       0xcd board/pavo/libpavo.a(flash.o)

.debug_aranges.197
                0x0000000000000000       0x20
 .debug_aranges
                0x0000000000000000       0x20 board/pavo/libpavo.a(flash.o)

.debug_abbrev.198
                0x0000000000000000      0x198
 .debug_abbrev  0x0000000000000000      0x198 cpu/mips/libmips.a(jz_serial.o)

.debug_info.199
                0x0000000000000000      0x6eb
 .debug_info    0x0000000000000000      0x6eb cpu/mips/libmips.a(jz_serial.o)

.debug_line.200
                0x0000000000000000      0x12c
 .debug_line    0x0000000000000000      0x12c cpu/mips/libmips.a(jz_serial.o)

.debug_aranges.201
                0x0000000000000000       0x20
 .debug_aranges
                0x0000000000000000       0x20 cpu/mips/libmips.a(jz_serial.o)

.debug_abbrev.202
                0x0000000000000000      0x148
 .debug_abbrev  0x0000000000000000      0x148 cpu/mips/libmips.a(cpu.o)

.debug_info.203
                0x0000000000000000      0x2cb
 .debug_info    0x0000000000000000      0x2cb cpu/mips/libmips.a(cpu.o)

.debug_line.204
                0x0000000000000000      0x129
 .debug_line    0x0000000000000000      0x129 cpu/mips/libmips.a(cpu.o)

.debug_aranges.205
                0x0000000000000000       0x20
 .debug_aranges
                0x0000000000000000       0x20 cpu/mips/libmips.a(cpu.o)

.debug_abbrev.206
                0x0000000000000000       0x5c
 .debug_abbrev  0x0000000000000000       0x5c cpu/mips/libmips.a(interrupts.o)

.debug_info.207
                0x0000000000000000       0xac
 .debug_info    0x0000000000000000       0xac cpu/mips/libmips.a(interrupts.o)

.debug_line.208
                0x0000000000000000       0x3d
 .debug_line    0x0000000000000000       0x3d cpu/mips/libmips.a(interrupts.o)

.debug_aranges.209
                0x0000000000000000       0x20
 .debug_aranges
                0x0000000000000000       0x20 cpu/mips/libmips.a(interrupts.o)

.debug_abbrev.210
                0x0000000000000000      0x20f
 .debug_abbrev  0x0000000000000000      0x20f cpu/mips/libmips.a(jz4740_nand.o)

.debug_info.211
                0x0000000000000000      0xde3
 .debug_info    0x0000000000000000      0xde3 cpu/mips/libmips.a(jz4740_nand.o)

.debug_line.212
                0x0000000000000000      0x1d1
 .debug_line    0x0000000000000000      0x1d1 cpu/mips/libmips.a(jz4740_nand.o)

.debug_aranges.213
                0x0000000000000000       0x20
 .debug_aranges
                0x0000000000000000       0x20 cpu/mips/libmips.a(jz4740_nand.o)

.debug_abbrev.214
                0x0000000000000000      0x259
 .debug_abbrev  0x0000000000000000      0x259 lib_mips/libmips.a(mips_linux.o)

.debug_info.215
                0x0000000000000000      0x7c9
 .debug_info    0x0000000000000000      0x7c9 lib_mips/libmips.a(mips_linux.o)

.debug_line.216
                0x0000000000000000      0x2d8
 .debug_line    0x0000000000000000      0x2d8 lib_mips/libmips.a(mips_linux.o)

.debug_aranges.217
                0x0000000000000000       0x20
 .debug_aranges
                0x0000000000000000       0x20 lib_mips/libmips.a(mips_linux.o)

.debug_abbrev.218
                0x0000000000000000      0x243
 .debug_abbrev  0x0000000000000000      0x243 drivers/nand/libnand.a(nand_util.o)

.debug_info.219
                0x0000000000000000     0x13cc
 .debug_info    0x0000000000000000     0x13cc drivers/nand/libnand.a(nand_util.o)

.debug_line.220
                0x0000000000000000      0x4cc
 .debug_line    0x0000000000000000      0x4cc drivers/nand/libnand.a(nand_util.o)

.debug_aranges.221
                0x0000000000000000       0x20
 .debug_aranges
                0x0000000000000000       0x20 drivers/nand/libnand.a(nand_util.o)

.debug_abbrev.222
                0x0000000000000000      0x19e
 .debug_abbrev  0x0000000000000000      0x19e /home/tools/mips/mipseltools-gcc412-glibc261/bin/../lib/gcc/mipsel-linux/4.1.2/libgcc.a(_udivdi3.o)

.debug_info.223
                0x0000000000000000      0x8e0
 .debug_info    0x0000000000000000      0x8e0 /home/tools/mips/mipseltools-gcc412-glibc261/bin/../lib/gcc/mipsel-linux/4.1.2/libgcc.a(_udivdi3.o)

.debug_line.224
                0x0000000000000000      0x1f5
 .debug_line    0x0000000000000000      0x1f5 /home/tools/mips/mipseltools-gcc412-glibc261/bin/../lib/gcc/mipsel-linux/4.1.2/libgcc.a(_udivdi3.o)

.debug_aranges.225
                0x0000000000000000       0x20
 .debug_aranges
                0x0000000000000000       0x20 /home/tools/mips/mipseltools-gcc412-glibc261/bin/../lib/gcc/mipsel-linux/4.1.2/libgcc.a(_udivdi3.o)

.debug_abbrev.226
                0x0000000000000000       0xba
 .debug_abbrev  0x0000000000000000       0xba /home/tools/mips/mipseltools-gcc412-glibc261/bin/../lib/gcc/mipsel-linux/4.1.2/libgcc.a(_clz.o)

.debug_info.227
                0x0000000000000000      0x347
 .debug_info    0x0000000000000000      0x347 /home/tools/mips/mipseltools-gcc412-glibc261/bin/../lib/gcc/mipsel-linux/4.1.2/libgcc.a(_clz.o)

.debug_line.228
                0x0000000000000000      0x12b
 .debug_line    0x0000000000000000      0x12b /home/tools/mips/mipseltools-gcc412-glibc261/bin/../lib/gcc/mipsel-linux/4.1.2/libgcc.a(_clz.o)
